<html>
<body>
<pre>
<h1>µVision Build Log</h1>
<h2>Tool Versions:</h2>
IDE-Version: µVision V5.36.0.0
Copyright (C) 2021 ARM Ltd and ARM Germany GmbH. All rights reserved.
License Information: TY Brinker, University of Texas, LIC=----
 
Tool Versions:
Toolchain:       MDK-Lite  Version: 5.36.0.0
Toolchain Path:  C:\Keil_v5\ARM\ARMCC\Bin
C Compiler:      Armcc.exe V5.06 update 7 (build 960)
Assembler:       Armasm.exe V5.06 update 7 (build 960)
Linker/Locator:  ArmLink.exe V5.06 update 7 (build 960)
Library Manager: ArmAr.exe V5.06 update 7 (build 960)
Hex Converter:   FromElf.exe V5.06 update 7 (build 960)
CPU DLL:         SARMCM3.DLL V5.36.0.0
Dialog DLL:      DCM.DLL V1.17.3.0
Target DLL:      lmidk-agdi.dll V???
Dialog DLL:      TCM.DLL V1.53.0.0
 
<h2>Project:</h2>
C:\Keil_v5\EE319KwareSpring2022\Lab10_EE319K\SpaceInvaders.uvprojx
Project File Date:  06/09/2022

<h2>Output:</h2>
*** Using Compiler 'V5.06 update 7 (build 960)', folder: 'C:\Keil_v5\ARM\ARMCC\Bin'
Rebuild target 'SpaceInvaders'
assembling startup.s...
assembling random.s...
compiling DAC.c...
DAC.c(23): warning:  #550-D: variable "delay"  was set but never used
        uint32_t delay;
DAC.c: 1 warning, 0 errors
compiling ADC.c...
ADC.c(42): warning:  #1-D: last line of file ends without a newline
  }
ADC.c: 1 warning, 0 errors
compiling Timer0.c...
compiling Timer1.c...
compiling Sound.c...
Sound.h(38): warning:  #1-D: last line of file ends without a newline
  #endif
Sound.c(472): warning:  #1-D: last line of file ends without a newline
  //};
Sound.c: 2 warnings, 0 errors
assembling LCD.s...
assembling Print.s...
compiling SpaceInvaders.c...
Sound.h(38): warning:  #1-D: last line of file ends without a newline
  #endif
SpaceInvaders.c: 1 warning, 0 errors
compiling ST7735.c...
compiling TExaS.c...
compiling PLL.c...
compiling ST7735R.c...
compiling line.c...
compiling Images.c...
compiling sprites.c...
sprites.c(88): warning:  #940-D: missing return statement at end of non-void function "yValOnLine" 
  }
sprites.c(291): warning:  #1-D: last line of file ends without a newline
        
sprites.c: 2 warnings, 0 errors
linking...
Program Size: Code=7910 RO-data=20006 RW-data=96 ZI-data=1632  
".\SpaceInvaders.axf" - 0 Error(s), 7 Warning(s).

<h2>Software Packages used:</h2>

Package Vendor: ARM
                http://www.keil.com/pack/ARM.CMSIS.5.8.0.pack
                ARM.CMSIS.5.8.0
                CMSIS (Common Microcontroller Software Interface Standard)
   * Component: CORE Version: 5.5.0

Package Vendor: Keil
                http://www.keil.com/pack/Keil.TM4C_DFP.1.1.0.pack
                Keil.TM4C_DFP.1.1.0
                Texas Instruments Tiva C Series Device Support and Examples

<h2>Collection of Component include folders:</h2>
  .\RTE\_SpaceInvaders
  C:\Users\tbrinker20\AppData\Local\Arm\Packs\ARM\CMSIS\5.8.0\CMSIS\Core\Include
  C:\Users\tbrinker20\AppData\Local\Arm\Packs\Keil\TM4C_DFP\1.1.0\Device\Include\TM4C123

<h2>Collection of Component Files used:</h2>

   * Component: ARM::CMSIS:CORE:5.5.0
Build Time Elapsed:  00:00:05
</pre>
</body>
</html>
