Component: ARM Compiler 5.06 update 7 (build 960) Tool: armlink [4d3601]

==============================================================================

Section Cross References

    startup.o(STACK) refers (Special) to heapauxi.o(.text) for __use_two_region_memory
    startup.o(HEAP) refers (Special) to heapauxi.o(.text) for __use_two_region_memory
    startup.o(RESET) refers (Special) to heapauxi.o(.text) for __use_two_region_memory
    startup.o(RESET) refers to startup.o(STACK) for StackMem
    startup.o(RESET) refers to spaceinvaders.o(i.SysTick_Handler) for SysTick_Handler
    startup.o(RESET) refers to spaceinvaders.o(i.GPIOPortE_Handler) for GPIOPortE_Handler
    startup.o(RESET) refers to sound.o(i.Timer0A_Handler) for Timer0A_Handler
    startup.o(RESET) refers to spaceinvaders.o(i.Timer1A_Handler) for Timer1A_Handler
    startup.o(RESET) refers to texas.o(i.Timer5A_Handler) for Timer5A_Handler
    startup.o(RESET) refers to __main.o(!!!main) for __main
    startup.o(.text) refers (Special) to heapauxi.o(.text) for __use_two_region_memory
    startup.o(.text) refers to startup.o(HEAP) for HeapMem
    startup.o(.text) refers to startup.o(STACK) for StackMem
    random.o(.text) refers to random.o(DATA) for M
    sound.o(i.Play_Sound) refers to sound.o(.data) for soundIdx
    sound.o(i.Sound_Init) refers to dac.o(i.DAC_Init) for DAC_Init
    sound.o(i.Stop_Sound) refers to sound.o(.data) for waveIdx
    sound.o(i.Timer0A_Handler) refers to dac.o(i.DAC_Out) for DAC_Out
    sound.o(i.Timer0A_Handler) refers to sound.o(i.Stop_Sound) for Stop_Sound
    sound.o(i.Timer0A_Handler) refers to sound.o(.data) for Sounds
    sound.o(.data) refers to sound.o(.constdata) for shoot
    print.o(.text) refers (Special) to st7735.o(i.ST7735_OutString) for ST7735_OutString
    print.o(.text) refers to st7735.o(i.ST7735_OutChar) for ST7735_OutChar
    spaceinvaders.o(i.GPIOPortE_Handler) refers to spaceinvaders.o(.data) for needRecordCoords
    spaceinvaders.o(i.SysTick_Handler) refers to adc.o(i.ADC_In89) for ADC_In89
    spaceinvaders.o(i.SysTick_Handler) refers to sprites.o(i.Drop_New_Ball) for Drop_New_Ball
    spaceinvaders.o(i.SysTick_Handler) refers to sprites.o(i.Move_Balls) for Move_Balls
    spaceinvaders.o(i.SysTick_Handler) refers to sprites.o(i.Check_Collisions) for Check_Collisions
    spaceinvaders.o(i.SysTick_Handler) refers to spaceinvaders.o(.data) for xCoord
    spaceinvaders.o(i.Timer1A_Handler) refers to spaceinvaders.o(.data) for needDropBall
    spaceinvaders.o(i.main) refers to startup.o(.text) for DisableInterrupts
    spaceinvaders.o(i.main) refers to texas.o(i.TExaS_Init) for TExaS_Init
    spaceinvaders.o(i.main) refers to st7735.o(i.ST7735_InitR) for ST7735_InitR
    spaceinvaders.o(i.main) refers to adc.o(i.ADC_Init) for ADC_Init
    spaceinvaders.o(i.main) refers to spaceinvaders.o(i.PortF_Init) for PortF_Init
    spaceinvaders.o(i.main) refers to spaceinvaders.o(i.PortE_Init) for PortE_Init
    spaceinvaders.o(i.main) refers to sprites.o(i.Level_Init) for Level_Init
    spaceinvaders.o(i.main) refers to timer1.o(i.Timer1_Init) for Timer1_Init
    spaceinvaders.o(i.main) refers to spaceinvaders.o(i.SysTick_Init) for SysTick_Init
    spaceinvaders.o(i.main) refers to spaceinvaders.o(i.redraw) for redraw
    spaceinvaders.o(i.main) refers to line.o(i.Record_Coords) for Record_Coords
    spaceinvaders.o(i.main) refers to sprites.o(i.Draw_Balls) for Draw_Balls
    spaceinvaders.o(i.main) refers to spaceinvaders.o(.data) for currentLevel
    spaceinvaders.o(i.redraw) refers to st7735.o(i.ST7735_DrawBitmap) for ST7735_DrawBitmap
    spaceinvaders.o(i.redraw) refers to sprites.o(i.Draw_Balls) for Draw_Balls
    spaceinvaders.o(i.redraw) refers to sprites.o(i.Redraw_Obstacles) for Redraw_Obstacles
    spaceinvaders.o(i.redraw) refers to line.o(i.Redraw_Lines) for Redraw_Lines
    spaceinvaders.o(i.redraw) refers to spaceinvaders.o(.data) for needDrawCursor
    spaceinvaders.o(i.redraw) refers to images.o(.constdata) for cursorGreen
    st7735.o(i.Output_Clear) refers to st7735.o(i.ST7735_FillScreen) for ST7735_FillScreen
    st7735.o(i.Output_Color) refers to st7735.o(i.ST7735_SetTextColor) for ST7735_SetTextColor
    st7735.o(i.Output_Init) refers to st7735.o(i.ST7735_InitR) for ST7735_InitR
    st7735.o(i.Output_Init) refers to st7735.o(i.ST7735_FillScreen) for ST7735_FillScreen
    st7735.o(i.Output_Off) refers to st7735.o(i.Output_Clear) for Output_Clear
    st7735.o(i.Output_On) refers to st7735.o(i.Output_Init) for Output_Init
    st7735.o(i.ST7735_DrawBitmap) refers to st7735.o(i.setAddrWindow) for setAddrWindow
    st7735.o(i.ST7735_DrawBitmap) refers to lcd.o(.text) for writedata
    st7735.o(i.ST7735_DrawBitmap) refers to st7735.o(.data) for _width
    st7735.o(i.ST7735_DrawChar) refers to st7735.o(i.setAddrWindow) for setAddrWindow
    st7735.o(i.ST7735_DrawChar) refers to st7735.o(i.pushColor) for pushColor
    st7735.o(i.ST7735_DrawChar) refers to st7735.o(.data) for _width
[...]
    st7735.o(i.ST7735_DrawFastVLine) refers to st7735.o(.data) for _width
    st7735.o(i.ST7735_DrawPixel) refers to st7735.o(i.setAddrWindow) for setAddrWindow
    st7735.o(i.ST7735_DrawPixel) refers to st7735.o(i.pushColor) for pushColor
    st7735.o(i.ST7735_DrawPixel) refers to st7735.o(.data) for _width
    st7735.o(i.ST7735_DrawSmallCircle) refers to st7735.o(i.setAddrWindow) for setAddrWindow
    st7735.o(i.ST7735_DrawSmallCircle) refers to lcd.o(.text) for writedata
    st7735.o(i.ST7735_DrawSmallCircle) refers to st7735.o(i.deselect) for deselect
    st7735.o(i.ST7735_DrawSmallCircle) refers to st7735.o(.data) for _width
    st7735.o(i.ST7735_DrawSmallCircle) refers to st7735.o(.constdata) for smallCircle
    st7735.o(i.ST7735_DrawString) refers to st7735.o(i.ST7735_DrawCharS) for ST7735_DrawCharS
    st7735.o(i.ST7735_FillRect) refers to st7735.o(i.setAddrWindow) for setAddrWindow
    st7735.o(i.ST7735_FillRect) refers to lcd.o(.text) for writedata
    st7735.o(i.ST7735_FillRect) refers to st7735.o(.data) for _width
    st7735.o(i.ST7735_FillScreen) refers to st7735.o(i.ST7735_FillRect) for ST7735_FillRect
    st7735.o(i.ST7735_FillScreen) refers to st7735.o(.data) for _height
    st7735.o(i.ST7735_InitB) refers to st7735.o(i.commonInit) for commonInit
    st7735.o(i.ST7735_InitB) refers to st7735.o(i.ST7735_SetCursor) for ST7735_SetCursor
    st7735.o(i.ST7735_InitB) refers to st7735.o(i.ST7735_FillScreen) for ST7735_FillScreen
    st7735.o(i.ST7735_InitB) refers to st7735.o(.constdata) for Bcmd
    st7735.o(i.ST7735_InitB) refers to st7735.o(.data) for StTextColor
    st7735.o(i.ST7735_InitR) refers to st7735.o(i.commonInit) for commonInit
    st7735.o(i.ST7735_InitR) refers to st7735.o(i.commandList) for commandList
    st7735.o(i.ST7735_InitR) refers to lcd.o(.text) for writecommand
    st7735.o(i.ST7735_InitR) refers to st7735.o(i.ST7735_SetCursor) for ST7735_SetCursor
    st7735.o(i.ST7735_InitR) refers to st7735.o(i.ST7735_FillScreen) for ST7735_FillScreen
    st7735.o(i.ST7735_InitR) refers to st7735.o(.constdata) for Rcmd1
    st7735.o(i.ST7735_InitR) refers to st7735.o(.data) for ColStart
    st7735.o(i.ST7735_InvertDisplay) refers to lcd.o(.text) for writecommand
    st7735.o(i.ST7735_OutChar) refers to st7735.o(i.ST7735_DrawString) for ST7735_DrawString
    st7735.o(i.ST7735_OutChar) refers to st7735.o(i.ST7735_DrawCharS) for ST7735_DrawCharS
    st7735.o(i.ST7735_OutChar) refers to st7735.o(.data) for StY
    st7735.o(i.ST7735_OutString) refers to st7735.o(i.ST7735_OutChar) for ST7735_OutChar
    st7735.o(i.ST7735_OutUDec) refers to st7735.o(i.fillmessage) for fillmessage
    st7735.o(i.ST7735_OutUDec) refers to st7735.o(i.ST7735_DrawString) for ST7735_DrawString
    st7735.o(i.ST7735_OutUDec) refers to st7735.o(i.ST7735_DrawCharS) for ST7735_DrawCharS
    st7735.o(i.ST7735_OutUDec) refers to st7735.o(.data) for Messageindex
    st7735.o(i.ST7735_OutUDec) refers to st7735.o(.bss) for Message
    st7735.o(i.ST7735_PlotBar) refers to st7735.o(i.ST7735_DrawFastVLine) for ST7735_DrawFastVLine
    st7735.o(i.ST7735_PlotBar) refers to st7735.o(.data) for Ymin
    st7735.o(i.ST7735_PlotClear) refers to st7735.o(i.ST7735_Color565) for ST7735_Color565
    st7735.o(i.ST7735_PlotClear) refers to st7735.o(i.ST7735_FillRect) for ST7735_FillRect
    st7735.o(i.ST7735_PlotClear) refers to st7735.o(.data) for Ymax
    st7735.o(i.ST7735_PlotLine) refers to st7735.o(i.ST7735_DrawPixel) for ST7735_DrawPixel
    st7735.o(i.ST7735_PlotLine) refers to st7735.o(.data) for Ymin
    st7735.o(i.ST7735_PlotNext) refers to st7735.o(.data) for X
    st7735.o(i.ST7735_PlotNextErase) refers to st7735.o(i.ST7735_Color565) for ST7735_Color565
    st7735.o(i.ST7735_PlotNextErase) refers to st7735.o(i.ST7735_DrawFastVLine) for ST7735_DrawFastVLine
    st7735.o(i.ST7735_PlotNextErase) refers to st7735.o(.data) for X
    st7735.o(i.ST7735_PlotPoint) refers to st7735.o(i.ST7735_DrawPixel) for ST7735_DrawPixel
    st7735.o(i.ST7735_PlotPoint) refers to st7735.o(.data) for Ymin
    st7735.o(i.ST7735_PlotPoints) refers to st7735.o(i.ST7735_DrawPixel) for ST7735_DrawPixel
    st7735.o(i.ST7735_PlotPoints) refers to st7735.o(.data) for Ymin
    st7735.o(i.ST7735_PlotdBfs) refers to st7735.o(i.ST7735_DrawFastVLine) for ST7735_DrawFastVLine
    st7735.o(i.ST7735_PlotdBfs) refers to st7735.o(.constdata) for dBfs
    st7735.o(i.ST7735_PlotdBfs) refers to st7735.o(.data) for X
    st7735.o(i.ST7735_SetCursor) refers to st7735.o(.data) for StX
    st7735.o(i.ST7735_SetRotation) refers to lcd.o(.text) for writecommand
    st7735.o(i.ST7735_SetRotation) refers to st7735.o(.data) for Rotation
    st7735.o(i.ST7735_SetTextColor) refers to st7735.o(.data) for StTextColor
    st7735.o(i.commandList) refers to lcd.o(.text) for writecommand
    st7735.o(i.commandList) refers to st7735.o(i.Delay1ms) for Delay1ms
    st7735.o(i.commonInit) refers to st7735.o(i.Delay1ms) for Delay1ms
    st7735.o(i.commonInit) refers to st7735.o(i.commandList) for commandList
    st7735.o(i.commonInit) refers to st7735.o(.data) for RowStart
    st7735.o(i.fillmessage) refers to st7735.o(.bss) for Message
    st7735.o(i.fillmessage) refers to st7735.o(.data) for Messageindex
    st7735.o(i.fputc) refers to st7735.o(i.ST7735_OutChar) for ST7735_OutChar
    st7735.o(i.pushColor) refers to lcd.o(.text) for writedata
    st7735.o(i.setAddrWindow) refers to lcd.o(.text) for writecommand
    st7735.o(i.setAddrWindow) refers to st7735.o(.data) for ColStart
    texas.o(i.PeriodicTask2_Init) refers to texas.o(.data) for PeriodicTask2
    texas.o(i.TExaS_Init) refers to startup.o(.text) for DisableInterrupts
    texas.o(i.TExaS_Init) refers to pll.o(i.PLL_Init) for PLL_Init
    texas.o(i.TExaS_Init) refers to texas.o(i.UART0_Init) for UART0_Init
    texas.o(i.TExaS_Init) refers to texas.o(i.PeriodicTask2_Init) for PeriodicTask2_Init
    texas.o(i.TExaS_Init) refers to texas.o(i.ADC1_Init) for ADC1_Init
    texas.o(i.TExaS_Init) refers to texas.o(i.LogicAnalyzerA) for LogicAnalyzerA
    texas.o(i.TExaS_Init) refers to texas.o(i.LogicAnalyzerB) for LogicAnalyzerB
    texas.o(i.TExaS_Init) refers to texas.o(i.LogicAnalyzerC) for LogicAnalyzerC
    texas.o(i.TExaS_Init) refers to texas.o(i.LogicAnalyzerE) for LogicAnalyzerE
    texas.o(i.TExaS_Init) refers to texas.o(i.LogicAnalyzerF) for LogicAnalyzerF
    texas.o(i.TExaS_Init) refers to texas.o(i.Scope) for Scope
    texas.o(i.TExaS_Stop) refers to texas.o(i.PeriodicTask2_Stop) for PeriodicTask2_Stop
    texas.o(i.Timer5A_Handler) refers to texas.o(.data) for PeriodicTask2
    texas.o(i.UART0_OutString) refers to texas.o(i.UART0_OutChar) for UART0_OutChar
    line.o(i.Draw_Line) refers to st7735.o(i.ST7735_DrawPixel) for ST7735_DrawPixel
    line.o(i.Record_Coords) refers to st7735.o(i.ST7735_DrawSmallCircle) for ST7735_DrawSmallCircle
    line.o(i.Record_Coords) refers to line.o(i.Reduce_Slope) for Reduce_Slope
    line.o(i.Record_Coords) refers to line.o(i.Draw_Line) for Draw_Line
    line.o(i.Record_Coords) refers to line.o(.data) for numPoints
    line.o(i.Record_Coords) refers to line.o(.bss) for Lines
    line.o(i.Redraw_Lines) refers to st7735.o(i.ST7735_DrawSmallCircle) for ST7735_DrawSmallCircle
    line.o(i.Redraw_Lines) refers to line.o(i.Draw_Line) for Draw_Line
    line.o(i.Redraw_Lines) refers to line.o(.data) for numLines
    line.o(i.Redraw_Lines) refers to line.o(.bss) for Lines
    sprites.o(i.Balls_Init) refers to sprites.o(.bss) for Balls
    sprites.o(i.Balls_Init) refers to images.o(.constdata) for whiteBall
    sprites.o(i.Check_Collisions) refers to sprites.o(.bss) for Balls
    sprites.o(i.Draw_Balls) refers to st7735.o(i.ST7735_DrawBitmap) for ST7735_DrawBitmap
    sprites.o(i.Draw_Balls) refers to sprites.o(.bss) for Balls
    sprites.o(i.Drop_New_Ball) refers to sprites.o(.bss) for Balls
    sprites.o(i.Level_Init) refers to st7735.o(i.ST7735_FillScreen) for ST7735_FillScreen
    sprites.o(i.Level_Init) refers to st7735.o(i.ST7735_DrawBitmap) for ST7735_DrawBitmap
    sprites.o(i.Level_Init) refers to sprites.o(i.Balls_Init) for Balls_Init
    sprites.o(i.Level_Init) refers to sprites.o(.bss) for Obstacles
    sprites.o(i.Level_Init) refers to images.o(.constdata) for Pond1
    sprites.o(i.Move_Balls) refers to sprites.o(i.Move_Ball_OnLine) for Move_Ball_OnLine
    sprites.o(i.Move_Balls) refers to sprites.o(i.yValOnLine) for yValOnLine
    sprites.o(i.Move_Balls) refers to sprites.o(.bss) for Balls
    sprites.o(i.Move_Balls) refers to line.o(.bss) for Lines
    sprites.o(i.Redraw_Obstacles) refers to st7735.o(i.ST7735_DrawBitmap) for ST7735_DrawBitmap
    sprites.o(i.Redraw_Obstacles) refers to sprites.o(.bss) for Obstacles
    __main.o(!!!main) refers to __rtentry.o(.ARM.Collect$$rtentry$$00000000) for __rt_entry
    __rtentry.o(.ARM.Collect$$rtentry$$00000000) refers (Special) to __rtentry2.o(.ARM.Collect$$rtentry$$0000000A) for __rt_entry_li
    __rtentry.o(.ARM.Collect$$rtentry$$00000000) refers (Special) to __rtentry2.o(.ARM.Collect$$rtentry$$0000000D) for __rt_entry_main
    __rtentry.o(.ARM.Collect$$rtentry$$00000000) refers (Special) to __rtentry2.o(.ARM.Collect$$rtentry$$0000000C) for __rt_entry_postli_1
    __rtentry.o(.ARM.Collect$$rtentry$$00000000) refers (Special) to __rtentry2.o(.ARM.Collect$$rtentry$$00000009) for __rt_entry_postsh_1
    __rtentry.o(.ARM.Collect$$rtentry$$00000000) refers (Special) to __rtentry2.o(.ARM.Collect$$rtentry$$00000002) for __rt_entry_presh_1
    __rtentry.o(.ARM.Collect$$rtentry$$00000000) refers (Special) to __rtentry4.o(.ARM.Collect$$rtentry$$00000004) for __rt_entry_sh
    __rtentry2.o(.ARM.Collect$$rtentry$$00000008) refers to boardinit2.o(.text) for _platform_post_stackheap_init
    __rtentry2.o(.ARM.Collect$$rtentry$$0000000A) refers to libinit.o(.ARM.Collect$$libinit$$00000000) for __rt_lib_init
    __rtentry2.o(.ARM.Collect$$rtentry$$0000000B) refers to boardinit3.o(.text) for _platform_post_lib_init
    __rtentry2.o(.ARM.Collect$$rtentry$$0000000D) refers to spaceinvaders.o(i.main) for main
    __rtentry2.o(.ARM.Collect$$rtentry$$0000000D) refers to exit.o(.text) for exit
    __rtentry2.o(.ARM.exidx) refers to __rtentry2.o(.ARM.Collect$$rtentry$$00000001) for .ARM.Collect$$rtentry$$00000001
    __rtentry2.o(.ARM.exidx) refers to __rtentry2.o(.ARM.Collect$$rtentry$$00000008) for .ARM.Collect$$rtentry$$00000008
    __rtentry2.o(.ARM.exidx) refers to __rtentry2.o(.ARM.Collect$$rtentry$$0000000A) for .ARM.Collect$$rtentry$$0000000A
    __rtentry2.o(.ARM.exidx) refers to __rtentry2.o(.ARM.Collect$$rtentry$$0000000B) for .ARM.Collect$$rtentry$$0000000B
    __rtentry2.o(.ARM.exidx) refers to __rtentry2.o(.ARM.Collect$$rtentry$$0000000D) for .ARM.Collect$$rtentry$$0000000D
    __rtentry4.o(.ARM.Collect$$rtentry$$00000004) refers to sys_stackheap_outer.o(.text) for __user_setup_stackheap
    __rtentry4.o(.ARM.exidx) refers to __rtentry4.o(.ARM.Collect$$rtentry$$00000004) for .ARM.Collect$$rtentry$$00000004
    sys_stackheap_outer.o(.text) refers to libspace.o(.text) for __user_perproc_libspace
    sys_stackheap_outer.o(.text) refers to startup.o(.text) for __user_initial_stackheap
    exit.o(.text) refers to rtexit.o(.ARM.Collect$$rtexit$$00000000) for __rt_exit
    libinit.o(.ARM.Collect$$libinit$$00000000) refers (Special) to libinit2.o(.ARM.Collect$$libinit$$0000002E) for __rt_lib_init_alloca_1
    libinit.o(.ARM.Collect$$libinit$$00000000) refers (Special) to libinit2.o(.ARM.Collect$$libinit$$0000002C) for __rt_lib_init_argv_1
    libinit.o(.ARM.Collect$$libinit$$00000000) refers (Special) to libinit2.o(.ARM.Collect$$libinit$$0000001B) for __rt_lib_init_atexit_1
    libinit.o(.ARM.Collect$$libinit$$00000000) refers (Special) to libinit2.o(.ARM.Collect$$libinit$$00000021) for __rt_lib_init_clock_1
    libinit.o(.ARM.Collect$$libinit$$00000000) refers (Special) to libinit2.o(.ARM.Collect$$libinit$$00000032) for __rt_lib_init_cpp_1
    libinit.o(.ARM.Collect$$libinit$$00000000) refers (Special) to libinit2.o(.ARM.Collect$$libinit$$00000030) for __rt_lib_init_exceptions_1
    libinit.o(.ARM.Collect$$libinit$$00000000) refers (Special) to libinit2.o(.ARM.Collect$$libinit$$00000002) for __rt_lib_init_fp_1
    libinit.o(.ARM.Collect$$libinit$$00000000) refers (Special) to libinit2.o(.ARM.Collect$$libinit$$0000001F) for __rt_lib_init_fp_trap_1
    libinit.o(.ARM.Collect$$libinit$$00000000) refers (Special) to libinit2.o(.ARM.Collect$$libinit$$00000023) for __rt_lib_init_getenv_1
    libinit.o(.ARM.Collect$$libinit$$00000000) refers (Special) to libinit2.o(.ARM.Collect$$libinit$$0000000A) for __rt_lib_init_heap_1
    libinit.o(.ARM.Collect$$libinit$$00000000) refers (Special) to libinit2.o(.ARM.Collect$$libinit$$00000011) for __rt_lib_init_lc_collate_1
    libinit.o(.ARM.Collect$$libinit$$00000000) refers (Special) to libinit2.o(.ARM.Collect$$libinit$$00000013) for __rt_lib_init_lc_ctype_1
    libinit.o(.ARM.Collect$$libinit$$00000000) refers (Special) to libinit2.o(.ARM.Collect$$libinit$$00000015) for __rt_lib_init_lc_monetary_1
    libinit.o(.ARM.Collect$$libinit$$00000000) refers (Special) to libinit2.o(.ARM.Collect$$libinit$$00000017) for __rt_lib_init_lc_numeric_1
    libinit.o(.ARM.Collect$$libinit$$00000000) refers (Special) to libinit2.o(.ARM.Collect$$libinit$$00000019) for __rt_lib_init_lc_time_1
    libinit.o(.ARM.Collect$$libinit$$00000000) refers (Special) to libinit2.o(.ARM.Collect$$libinit$$00000004) for __rt_lib_init_preinit_1
    libinit.o(.ARM.Collect$$libinit$$00000000) refers (Special) to libinit2.o(.ARM.Collect$$libinit$$0000000E) for __rt_lib_init_rand_1
    libinit.o(.ARM.Collect$$libinit$$00000000) refers (Special) to libinit2.o(.ARM.Collect$$libinit$$00000033) for __rt_lib_init_return
    libinit.o(.ARM.Collect$$libinit$$00000000) refers (Special) to libinit2.o(.ARM.Collect$$libinit$$0000001D) for __rt_lib_init_signal_1
    libinit.o(.ARM.Collect$$libinit$$00000000) refers (Special) to libinit2.o(.ARM.Collect$$libinit$$00000025) for __rt_lib_init_stdio_1
    libinit.o(.ARM.Collect$$libinit$$00000000) refers (Special) to libinit2.o(.ARM.Collect$$libinit$$0000000C) for __rt_lib_init_user_alloc_1
    libspace.o(.text) refers to libspace.o(.bss) for __libspace_start
    rtexit.o(.ARM.Collect$$rtexit$$00000000) refers (Special) to rtexit2.o(.ARM.Collect$$rtexit$$00000004) for __rt_exit_exit
    rtexit.o(.ARM.Collect$$rtexit$$00000000) refers (Special) to rtexit2.o(.ARM.Collect$$rtexit$$00000003) for __rt_exit_ls
    rtexit.o(.ARM.Collect$$rtexit$$00000000) refers (Special) to rtexit2.o(.ARM.Collect$$rtexit$$00000002) for __rt_exit_prels_1
    rtexit.o(.ARM.exidx) refers (Special) to rtexit2.o(.ARM.Collect$$rtexit$$00000004) for __rt_exit_exit
    rtexit.o(.ARM.exidx) refers (Special) to rtexit2.o(.ARM.Collect$$rtexit$$00000003) for __rt_exit_ls
    rtexit.o(.ARM.exidx) refers (Special) to rtexit2.o(.ARM.Collect$$rtexit$$00000002) for __rt_exit_prels_1
    rtexit.o(.ARM.exidx) refers to rtexit.o(.ARM.Collect$$rtexit$$00000000) for .ARM.Collect$$rtexit$$00000000
    libinit2.o(.ARM.Collect$$libinit$$00000010) refers to libinit2.o(.ARM.Collect$$libinit$$0000000F) for .ARM.Collect$$libinit$$0000000F
    libinit2.o(.ARM.Collect$$libinit$$00000012) refers to libinit2.o(.ARM.Collect$$libinit$$0000000F) for .ARM.Collect$$libinit$$0000000F
    libinit2.o(.ARM.Collect$$libinit$$00000014) refers to libinit2.o(.ARM.Collect$$libinit$$0000000F) for .ARM.Collect$$libinit$$0000000F
    libinit2.o(.ARM.Collect$$libinit$$00000016) refers to libinit2.o(.ARM.Collect$$libinit$$0000000F) for .ARM.Collect$$libinit$$0000000F
    libinit2.o(.ARM.Collect$$libinit$$00000018) refers to libinit2.o(.ARM.Collect$$libinit$$0000000F) for .ARM.Collect$$libinit$$0000000F
    libinit2.o(.ARM.Collect$$libinit$$00000026) refers to argv_veneer.o(.emb_text) for __ARM_argv_veneer
    libinit2.o(.ARM.Collect$$libinit$$00000027) refers to argv_veneer.o(.emb_text) for __ARM_argv_veneer
    rtexit2.o(.ARM.Collect$$rtexit$$00000003) refers to libshutdown.o(.ARM.Collect$$libshutdown$$00000000) for __rt_lib_shutdown
    rtexit2.o(.ARM.Collect$$rtexit$$00000004) refers to sys_exit.o(.text) for _sys_exit
    rtexit2.o(.ARM.exidx) refers to rtexit2.o(.ARM.Collect$$rtexit$$00000001) for .ARM.Collect$$rtexit$$00000001
    rtexit2.o(.ARM.exidx) refers to rtexit2.o(.ARM.Collect$$rtexit$$00000003) for .ARM.Collect$$rtexit$$00000003
    rtexit2.o(.ARM.exidx) refers to rtexit2.o(.ARM.Collect$$rtexit$$00000004) for .ARM.Collect$$rtexit$$00000004
    argv_veneer.o(.emb_text) refers to no_argv.o(.text) for __ARM_get_argv
    sys_exit.o(.text) refers (Special) to use_no_semi.o(.text) for __I$use$semihosting
    sys_exit.o(.text) refers (Special) to indicate_semi.o(.text) for __semihosting_library_function
    _get_argv_nomalloc.o(.text) refers (Special) to hrguard.o(.text) for __heap_region$guard
    _get_argv_nomalloc.o(.text) refers to defsig_rtmem_outer.o(.text) for __rt_SIGRTMEM
    _get_argv_nomalloc.o(.text) refers to sys_command.o(.text) for _sys_command_string
    libshutdown.o(.ARM.Collect$$libshutdown$$00000000) refers (Special) to libshutdown2.o(.ARM.Collect$$libshutdown$$00000004) for __rt_lib_shutdown_cpp_1
    libshutdown.o(.ARM.Collect$$libshutdown$$00000000) refers (Special) to libshutdown2.o(.ARM.Collect$$libshutdown$$00000002) for __rt_lib_shutdown_fini_1
    libshutdown.o(.ARM.Collect$$libshutdown$$00000000) refers (Special) to libshutdown2.o(.ARM.Collect$$libshutdown$$00000009) for __rt_lib_shutdown_fp_trap_1
    libshutdown.o(.ARM.Collect$$libshutdown$$00000000) refers (Special) to libshutdown2.o(.ARM.Collect$$libshutdown$$00000011) for __rt_lib_shutdown_heap_1
    libshutdown.o(.ARM.Collect$$libshutdown$$00000000) refers (Special) to libshutdown2.o(.ARM.Collect$$libshutdown$$00000012) for __rt_lib_shutdown_return
    libshutdown.o(.ARM.Collect$$libshutdown$$00000000) refers (Special) to libshutdown2.o(.ARM.Collect$$libshutdown$$0000000C) for __rt_lib_shutdown_signal_1
    libshutdown.o(.ARM.Collect$$libshutdown$$00000000) refers (Special) to libshutdown2.o(.ARM.Collect$$libshutdown$$00000006) for __rt_lib_shutdown_stdio_1
    libshutdown.o(.ARM.Collect$$libshutdown$$00000000) refers (Special) to libshutdown2.o(.ARM.Collect$$libshutdown$$0000000E) for __rt_lib_shutdown_user_alloc_1
    sys_command.o(.text) refers (Special) to use_no_semi.o(.text) for __I$use$semihosting
    sys_command.o(.text) refers (Special) to indicate_semi.o(.text) for __semihosting_library_function
    defsig_rtmem_outer.o(.text) refers to defsig_rtmem_inner.o(.text) for __rt_SIGRTMEM_inner
    defsig_rtmem_outer.o(.text) refers to defsig_exit.o(.text) for __sig_exit
    defsig_rtmem_formal.o(.text) refers to rt_raise.o(.text) for __rt_raise
    rt_raise.o(.text) refers to __raise.o(.text) for __raise
    rt_raise.o(.text) refers to sys_exit.o(.text) for _sys_exit
    defsig_exit.o(.text) refers to sys_exit.o(.text) for _sys_exit
    defsig_rtmem_inner.o(.text) refers to defsig_general.o(.text) for __default_signal_display
    __raise.o(.text) refers to defsig.o(CL$$defsig) for __default_signal_handler
    defsig_general.o(.text) refers to sys_wrch.o(.text) for _ttywrch
    sys_wrch.o(.text) refers (Special) to use_no_semi.o(.text) for __I$use$semihosting
    sys_wrch.o(.text) refers (Special) to indicate_semi.o(.text) for __semihosting_library_function
    defsig.o(CL$$defsig) refers to defsig_rtmem_inner.o(.text) for __rt_SIGRTMEM_inner
    defsig_abrt_inner.o(.text) refers to defsig_general.o(.text) for __default_signal_display
    defsig_fpe_inner.o(.text) refers to defsig_general.o(.text) for __default_signal_display
    defsig_rtred_inner.o(.text) refers to defsig_general.o(.text) for __default_signal_display
    defsig_stak_inner.o(.text) refers to defsig_general.o(.text) for __default_signal_display
    defsig_pvfn_inner.o(.text) refers to defsig_general.o(.text) for __default_signal_display
    defsig_cppl_inner.o(.text) refers to defsig_general.o(.text) for __default_signal_display
    defsig_segv_inner.o(.text) refers to defsig_general.o(.text) for __default_signal_display
    defsig_other.o(.text) refers to defsig_general.o(.text) for __default_signal_display


==============================================================================

Removing Unused input sections from the image.

    Removing random.o(DATA), (4 bytes).
    Removing random.o(.text), (64 bytes).
    Removing dac.o(i.DAC_Init), (72 bytes).
    Removing timer0.o(i.Timer0_Init), (96 bytes).
    Removing sound.o(i.Play_Sound), (20 bytes).
    Removing sound.o(i.Sound_Init), (92 bytes).
    Removing print.o(.text), (120 bytes).
    Removing st7735.o(i.Output_Clear), (10 bytes).
    Removing st7735.o(i.Output_Color), (12 bytes).
    Removing st7735.o(i.Output_Init), (16 bytes).
    Removing st7735.o(i.Output_Off), (8 bytes).
    Removing st7735.o(i.Output_On), (8 bytes).
    Removing st7735.o(i.ST7735_Color565), (24 bytes).
    Removing st7735.o(i.ST7735_DrawChar), (272 bytes).
    Removing st7735.o(i.ST7735_DrawCharS), (248 bytes).
    Removing st7735.o(i.ST7735_DrawCircle), (172 bytes).
    Removing st7735.o(i.ST7735_DrawFastHLine), (124 bytes).
    Removing st7735.o(i.ST7735_DrawFastVLine), (124 bytes).
    Removing st7735.o(i.ST7735_DrawString), (84 bytes).
    Removing st7735.o(i.ST7735_InitB), (40 bytes).
    Removing st7735.o(i.ST7735_InvertDisplay), (22 bytes).
    Removing st7735.o(i.ST7735_OutChar), (212 bytes).
    Removing st7735.o(i.ST7735_OutString), (22 bytes).
    Removing st7735.o(i.ST7735_OutUDec), (140 bytes).
    Removing st7735.o(i.ST7735_PlotBar), (88 bytes).
    Removing st7735.o(i.ST7735_PlotClear), (92 bytes).
    Removing st7735.o(i.ST7735_PlotLine), (264 bytes).
    Removing st7735.o(i.ST7735_PlotNext), (32 bytes).
    Removing st7735.o(i.ST7735_PlotNextErase), (64 bytes).
    Removing st7735.o(i.ST7735_PlotPoint), (152 bytes).
    Removing st7735.o(i.ST7735_PlotPoints), (172 bytes).
    Removing st7735.o(i.ST7735_PlotdBfs), (60 bytes).
    Removing st7735.o(i.ST7735_SetRotation), (212 bytes).
    Removing st7735.o(i.ST7735_SetTextColor), (12 bytes).
    Removing st7735.o(i.ST7735_SwapColor), (18 bytes).
    Removing st7735.o(i.ferror), (8 bytes).
    Removing st7735.o(i.fgetc), (6 bytes).
    Removing st7735.o(i.fillmessage), (72 bytes).
    Removing st7735.o(i.fputc), (16 bytes).
    Removing st7735.o(.bss), (12 bytes).
    Removing texas.o(i.PeriodicTask2_Stop), (36 bytes).
    Removing texas.o(i.TExaS_Stop), (8 bytes).
    Removing texas.o(i.UART0_InChar), (28 bytes).
    Removing texas.o(i.UART0_OutChar), (24 bytes).
    Removing texas.o(i.UART0_OutString), (22 bytes).
    Removing st7735r.o(.constdata), (50 bytes).

46 unused section(s) (total 3454 bytes) removed from the image.

==============================================================================

Image Symbol Table

    Local Symbols

    Symbol Name                              Value     Ov Type        Size  Object(Section)

    RESET                                    0x00000000   Section      644  startup.o(RESET)
    ../clib/angel/boardlib.s                 0x00000000   Number         0  boardshut.o ABSOLUTE
    ../clib/angel/boardlib.s                 0x00000000   Number         0  boardinit3.o ABSOLUTE
    ../clib/angel/boardlib.s                 0x00000000   Number         0  boardinit1.o ABSOLUTE
    ../clib/angel/boardlib.s                 0x00000000   Number         0  boardinit2.o ABSOLUTE
    ../clib/angel/handlers.s                 0x00000000   Number         0  __scatter_zi.o ABSOLUTE
    ../clib/angel/handlers.s                 0x00000000   Number         0  __scatter_copy.o ABSOLUTE
    ../clib/angel/kernel.s                   0x00000000   Number         0  rtexit2.o ABSOLUTE
    ../clib/angel/kernel.s                   0x00000000   Number         0  __rtentry.o ABSOLUTE
    ../clib/angel/kernel.s                   0x00000000   Number         0  __rtentry2.o ABSOLUTE
    ../clib/angel/kernel.s                   0x00000000   Number         0  __rtentry4.o ABSOLUTE
    ../clib/angel/kernel.s                   0x00000000   Number         0  rtexit.o ABSOLUTE
    ../clib/angel/rt.s                       0x00000000   Number         0  rt_raise.o ABSOLUTE
    ../clib/angel/scatter.s                  0x00000000   Number         0  __scatter.o ABSOLUTE
    ../clib/angel/startup.s                  0x00000000   Number         0  __main.o ABSOLUTE
    ../clib/angel/sys.s                      0x00000000   Number         0  indicate_semi.o ABSOLUTE
    ../clib/angel/sys.s                      0x00000000   Number         0  use_no_semi.o ABSOLUTE
    ../clib/angel/sys.s                      0x00000000   Number         0  sys_stackheap_outer.o ABSOLUTE
    ../clib/angel/sys.s                      0x00000000   Number         0  libspace.o ABSOLUTE
    ../clib/angel/sysapp.c                   0x00000000   Number         0  sys_command.o ABSOLUTE
    ../clib/angel/sysapp.c                   0x00000000   Number         0  sys_wrch.o ABSOLUTE
    ../clib/angel/sysapp.c                   0x00000000   Number         0  sys_exit.o ABSOLUTE
    ../clib/armsys.c                         0x00000000   Number         0  no_argv.o ABSOLUTE
    ../clib/armsys.c                         0x00000000   Number         0  _get_argv_nomalloc.o ABSOLUTE
    ../clib/armsys.c                         0x00000000   Number         0  argv_veneer.o ABSOLUTE
    ../clib/armsys.c                         0x00000000   Number         0  argv_veneer.o ABSOLUTE
    ../clib/heapalloc.c                      0x00000000   Number         0  hrguard.o ABSOLUTE
    ../clib/heapaux.c                        0x00000000   Number         0  heapauxi.o ABSOLUTE
    ../clib/libinit.s                        0x00000000   Number         0  libshutdown2.o ABSOLUTE
    ../clib/libinit.s                        0x00000000   Number         0  libshutdown.o ABSOLUTE
    ../clib/libinit.s                        0x00000000   Number         0  libinit.o ABSOLUTE
    ../clib/libinit.s                        0x00000000   Number         0  libinit2.o ABSOLUTE
    ../clib/signal.c                         0x00000000   Number         0  defsig_rtmem_inner.o ABSOLUTE
    ../clib/signal.c                         0x00000000   Number         0  defsig_general.o ABSOLUTE
    ../clib/signal.c                         0x00000000   Number         0  __raise.o ABSOLUTE
    ../clib/signal.c                         0x00000000   Number         0  defsig_exit.o ABSOLUTE
    ../clib/signal.c                         0x00000000   Number         0  defsig_stak_inner.o ABSOLUTE
    ../clib/signal.c                         0x00000000   Number         0  defsig_fpe_inner.o ABSOLUTE
    ../clib/signal.c                         0x00000000   Number         0  defsig_rtred_inner.o ABSOLUTE
    ../clib/signal.c                         0x00000000   Number         0  defsig_pvfn_inner.o ABSOLUTE
    ../clib/signal.c                         0x00000000   Number         0  defsig_cppl_inner.o ABSOLUTE
    ../clib/signal.c                         0x00000000   Number         0  defsig_segv_inner.o ABSOLUTE
    ../clib/signal.c                         0x00000000   Number         0  defsig_other.o ABSOLUTE
    ../clib/signal.c                         0x00000000   Number         0  defsig_rtmem_formal.o ABSOLUTE
    ../clib/signal.c                         0x00000000   Number         0  defsig_rtmem_outer.o ABSOLUTE
    ../clib/signal.c                         0x00000000   Number         0  defsig_abrt_inner.o ABSOLUTE
    ../clib/signal.s                         0x00000000   Number         0  defsig.o ABSOLUTE
    ../clib/stdlib.c                         0x00000000   Number         0  exit.o ABSOLUTE
    ../fplib/fpinit.s                        0x00000000   Number         0  fpinit.o ABSOLUTE
    ADC.c                                    0x00000000   Number         0  adc.o ABSOLUTE
    DAC.c                                    0x00000000   Number         0  dac.o ABSOLUTE
    Images.c                                 0x00000000   Number         0  images.o ABSOLUTE
    LCD.s                                    0x00000000   Number         0  lcd.o ABSOLUTE
    PLL.c                                    0x00000000   Number         0  pll.o ABSOLUTE
    Print.s                                  0x00000000   Number         0  print.o ABSOLUTE
    ST7735.c                                 0x00000000   Number         0  st7735.o ABSOLUTE
    ST7735R.c                                0x00000000   Number         0  st7735r.o ABSOLUTE
    Sound.c                                  0x00000000   Number         0  sound.o ABSOLUTE
    SpaceInvaders.c                          0x00000000   Number         0  spaceinvaders.o ABSOLUTE
    TExaS.c                                  0x00000000   Number         0  texas.o ABSOLUTE
    Timer0.c                                 0x00000000   Number         0  timer0.o ABSOLUTE
    Timer1.c                                 0x00000000   Number         0  timer1.o ABSOLUTE
    dc.s                                     0x00000000   Number         0  dc.o ABSOLUTE
    line.c                                   0x00000000   Number         0  line.o ABSOLUTE
    random.s                                 0x00000000   Number         0  random.o ABSOLUTE
    sprites.c                                0x00000000   Number         0  sprites.o ABSOLUTE
    startup.s                                0x00000000   Number         0  startup.o ABSOLUTE
    !!!main                                  0x00000284   Section        8  __main.o(!!!main)
    !!!scatter                               0x0000028c   Section       52  __scatter.o(!!!scatter)
    !!handler_copy                           0x000002c0   Section       26  __scatter_copy.o(!!handler_copy)
    !!handler_zi                             0x000002dc   Section       28  __scatter_zi.o(!!handler_zi)
    .ARM.Collect$$libinit$$00000000          0x000002f8   Section        2  libinit.o(.ARM.Collect$$libinit$$00000000)
    .ARM.Collect$$libinit$$00000002          0x000002fa   Section        0  libinit2.o(.ARM.Collect$$libinit$$00000002)
    .ARM.Collect$$libinit$$00000004          0x000002fa   Section        0  libinit2.o(.ARM.Collect$$libinit$$00000004)
    .ARM.Collect$$libinit$$0000000A          0x000002fa   Section        0  libinit2.o(.ARM.Collect$$libinit$$0000000A)
    .ARM.Collect$$libinit$$0000000C          0x000002fa   Section        0  libinit2.o(.ARM.Collect$$libinit$$0000000C)
    .ARM.Collect$$libinit$$0000000E          0x000002fa   Section        0  libinit2.o(.ARM.Collect$$libinit$$0000000E)
    .ARM.Collect$$libinit$$00000011          0x000002fa   Section        0  libinit2.o(.ARM.Collect$$libinit$$00000011)
    .ARM.Collect$$libinit$$00000013          0x000002fa   Section        0  libinit2.o(.ARM.Collect$$libinit$$00000013)
    .ARM.Collect$$libinit$$00000015          0x000002fa   Section        0  libinit2.o(.ARM.Collect$$libinit$$00000015)
    .ARM.Collect$$libinit$$00000017          0x000002fa   Section        0  libinit2.o(.ARM.Collect$$libinit$$00000017)
    .ARM.Collect$$libinit$$00000019          0x000002fa   Section        0  libinit2.o(.ARM.Collect$$libinit$$00000019)
    .ARM.Collect$$libinit$$0000001B          0x000002fa   Section        0  libinit2.o(.ARM.Collect$$libinit$$0000001B)
    .ARM.Collect$$libinit$$0000001D          0x000002fa   Section        0  libinit2.o(.ARM.Collect$$libinit$$0000001D)
    .ARM.Collect$$libinit$$0000001F          0x000002fa   Section        0  libinit2.o(.ARM.Collect$$libinit$$0000001F)
    .ARM.Collect$$libinit$$00000021          0x000002fa   Section        0  libinit2.o(.ARM.Collect$$libinit$$00000021)
    .ARM.Collect$$libinit$$00000023          0x000002fa   Section        0  libinit2.o(.ARM.Collect$$libinit$$00000023)
    .ARM.Collect$$libinit$$00000025          0x000002fa   Section        0  libinit2.o(.ARM.Collect$$libinit$$00000025)
    .ARM.Collect$$libinit$$0000002C          0x000002fa   Section        0  libinit2.o(.ARM.Collect$$libinit$$0000002C)
    .ARM.Collect$$libinit$$0000002E          0x000002fa   Section        0  libinit2.o(.ARM.Collect$$libinit$$0000002E)
    .ARM.Collect$$libinit$$00000030          0x000002fa   Section        0  libinit2.o(.ARM.Collect$$libinit$$00000030)
    .ARM.Collect$$libinit$$00000032          0x000002fa   Section        0  libinit2.o(.ARM.Collect$$libinit$$00000032)
    .ARM.Collect$$libinit$$00000033          0x000002fa   Section        2  libinit2.o(.ARM.Collect$$libinit$$00000033)
    .ARM.Collect$$libshutdown$$00000000      0x000002fc   Section        2  libshutdown.o(.ARM.Collect$$libshutdown$$00000000)
    .ARM.Collect$$libshutdown$$00000002      0x000002fe   Section        0  libshutdown2.o(.ARM.Collect$$libshutdown$$00000002)
    .ARM.Collect$$libshutdown$$00000004      0x000002fe   Section        0  libshutdown2.o(.ARM.Collect$$libshutdown$$00000004)
    .ARM.Collect$$libshutdown$$00000006      0x000002fe   Section        0  libshutdown2.o(.ARM.Collect$$libshutdown$$00000006)
    .ARM.Collect$$libshutdown$$00000009      0x000002fe   Section        0  libshutdown2.o(.ARM.Collect$$libshutdown$$00000009)
    .ARM.Collect$$libshutdown$$0000000C      0x000002fe   Section        0  libshutdown2.o(.ARM.Collect$$libshutdown$$0000000C)
    .ARM.Collect$$libshutdown$$0000000E      0x000002fe   Section        0  libshutdown2.o(.ARM.Collect$$libshutdown$$0000000E)
    .ARM.Collect$$libshutdown$$00000011      0x000002fe   Section        0  libshutdown2.o(.ARM.Collect$$libshutdown$$00000011)
    .ARM.Collect$$libshutdown$$00000012      0x000002fe   Section        2  libshutdown2.o(.ARM.Collect$$libshutdown$$00000012)
    .ARM.Collect$$rtentry$$00000000          0x00000300   Section        0  __rtentry.o(.ARM.Collect$$rtentry$$00000000)
    .ARM.Collect$$rtentry$$00000002          0x00000300   Section        0  __rtentry2.o(.ARM.Collect$$rtentry$$00000002)
    .ARM.Collect$$rtentry$$00000004          0x00000300   Section        6  __rtentry4.o(.ARM.Collect$$rtentry$$00000004)
    .ARM.Collect$$rtentry$$00000009          0x00000306   Section        0  __rtentry2.o(.ARM.Collect$$rtentry$$00000009)
    .ARM.Collect$$rtentry$$0000000A          0x00000306   Section        4  __rtentry2.o(.ARM.Collect$$rtentry$$0000000A)
    .ARM.Collect$$rtentry$$0000000C          0x0000030a   Section        0  __rtentry2.o(.ARM.Collect$$rtentry$$0000000C)
    .ARM.Collect$$rtentry$$0000000D          0x0000030a   Section        8  __rtentry2.o(.ARM.Collect$$rtentry$$0000000D)
    .ARM.Collect$$rtexit$$00000000           0x00000312   Section        2  rtexit.o(.ARM.Collect$$rtexit$$00000000)
    .ARM.Collect$$rtexit$$00000002           0x00000314   Section        0  rtexit2.o(.ARM.Collect$$rtexit$$00000002)
    .ARM.Collect$$rtexit$$00000003           0x00000314   Section        4  rtexit2.o(.ARM.Collect$$rtexit$$00000003)
    .ARM.Collect$$rtexit$$00000004           0x00000318   Section        6  rtexit2.o(.ARM.Collect$$rtexit$$00000004)
    .text                                    0x00000320   Section       48  startup.o(.text)
    .text                                    0x00000350   Section      100  lcd.o(.text)
    .text                                    0x000003b4   Section        0  heapauxi.o(.text)
    .text                                    0x000003ba   Section       74  sys_stackheap_outer.o(.text)
    .text                                    0x00000404   Section        0  exit.o(.text)
    .text                                    0x00000418   Section        8  libspace.o(.text)
    .text                                    0x00000420   Section        0  sys_exit.o(.text)
    .text                                    0x0000042c   Section        2  use_no_semi.o(.text)
    .text                                    0x0000042e   Section        0  indicate_semi.o(.text)
    i.ADC1_Init                              0x00000430   Section        0  texas.o(i.ADC1_Init)
    i.ADC_In89                               0x000004f8   Section        0  adc.o(i.ADC_In89)
    i.ADC_Init                               0x00000530   Section        0  adc.o(i.ADC_Init)
    i.Balls_Init                             0x00000608   Section        0  sprites.o(i.Balls_Init)
    i.Check_Collisions                       0x00000684   Section        0  sprites.o(i.Check_Collisions)
    i.DAC_Out                                0x000007b0   Section        0  dac.o(i.DAC_Out)
    i.Delay1ms                               0x000007bc   Section        0  st7735.o(i.Delay1ms)
    i.Draw_Balls                             0x000007dc   Section        0  sprites.o(i.Draw_Balls)
    i.Draw_Line                              0x000008b0   Section        0  line.o(i.Draw_Line)
    i.Drop_New_Ball                          0x00000988   Section        0  sprites.o(i.Drop_New_Ball)
    i.GPIOPortE_Handler                      0x00000998   Section        0  spaceinvaders.o(i.GPIOPortE_Handler)
    i.Level_Init                             0x000009e0   Section        0  sprites.o(i.Level_Init)
    i.LogicAnalyzerA                         0x00000ac4   Section        0  texas.o(i.LogicAnalyzerA)
    i.LogicAnalyzerB                         0x00000adc   Section        0  texas.o(i.LogicAnalyzerB)
    i.LogicAnalyzerC                         0x00000af4   Section        0  texas.o(i.LogicAnalyzerC)
    i.LogicAnalyzerE                         0x00000b0c   Section        0  texas.o(i.LogicAnalyzerE)
    i.LogicAnalyzerF                         0x00000b24   Section        0  texas.o(i.LogicAnalyzerF)
    i.Move_Ball_OnLine                       0x00000b3c   Section        0  sprites.o(i.Move_Ball_OnLine)
    i.Move_Balls                             0x00000c00   Section        0  sprites.o(i.Move_Balls)
    i.PLL_Init                               0x00000d5c   Section        0  pll.o(i.PLL_Init)
    i.PeriodicTask2_Init                     0x00000dd8   Section        0  texas.o(i.PeriodicTask2_Init)
    i.PortE_Init                             0x00000e6c   Section        0  spaceinvaders.o(i.PortE_Init)
    i.PortF_Init                             0x00000eec   Section        0  spaceinvaders.o(i.PortF_Init)
    i.Record_Coords                          0x00000f40   Section        0  line.o(i.Record_Coords)
    i.Redraw_Lines                           0x00001200   Section        0  line.o(i.Redraw_Lines)
    i.Redraw_Obstacles                       0x00001290   Section        0  sprites.o(i.Redraw_Obstacles)
    i.Reduce_Slope                           0x000012d8   Section        0  line.o(i.Reduce_Slope)
    i.ST7735_DrawBitmap                      0x00001378   Section        0  st7735.o(i.ST7735_DrawBitmap)
    i.ST7735_DrawPixel                       0x00001498   Section        0  st7735.o(i.ST7735_DrawPixel)
    i.ST7735_DrawSmallCircle                 0x000014e0   Section        0  st7735.o(i.ST7735_DrawSmallCircle)
    i.ST7735_FillRect                        0x0000158c   Section        0  st7735.o(i.ST7735_FillRect)
    i.ST7735_FillScreen                      0x00001638   Section        0  st7735.o(i.ST7735_FillScreen)
    i.ST7735_InitR                           0x0000165c   Section        0  st7735.o(i.ST7735_InitR)
    i.ST7735_SetCursor                       0x000016d8   Section        0  st7735.o(i.ST7735_SetCursor)
    i.Scope                                  0x000016f8   Section        0  texas.o(i.Scope)
    i.Stop_Sound                             0x0000170c   Section        0  sound.o(i.Stop_Sound)
    i.SysTick_Handler                        0x00001720   Section        0  spaceinvaders.o(i.SysTick_Handler)
    i.SysTick_Init                           0x000017cc   Section        0  spaceinvaders.o(i.SysTick_Init)
    i.TExaS_Init                             0x000017e4   Section        0  texas.o(i.TExaS_Init)
    i.Timer0A_Handler                        0x000018dc   Section        0  sound.o(i.Timer0A_Handler)
    i.Timer1A_Handler                        0x0000192c   Section        0  spaceinvaders.o(i.Timer1A_Handler)
    i.Timer1_Init                            0x00001940   Section        0  timer1.o(i.Timer1_Init)
    i.Timer5A_Handler                        0x00001998   Section        0  texas.o(i.Timer5A_Handler)
    i.UART0_Init                             0x000019b0   Section        0  texas.o(i.UART0_Init)
    i.commandList                            0x00001a38   Section        0  st7735.o(i.commandList)
    commandList                              0x00001a39   Thumb Code    86  st7735.o(i.commandList)
    i.commonInit                             0x00001a90   Section        0  st7735.o(i.commonInit)
    commonInit                               0x00001a91   Thumb Code   342  st7735.o(i.commonInit)
    i.deselect                               0x00001c18   Section        0  st7735.o(i.deselect)
    deselect                                 0x00001c19   Thumb Code    24  st7735.o(i.deselect)
    i.main                                   0x00001c34   Section        0  spaceinvaders.o(i.main)
    i.pushColor                              0x00001cd0   Section        0  st7735.o(i.pushColor)
    pushColor                                0x00001cd1   Thumb Code    18  st7735.o(i.pushColor)
    i.redraw                                 0x00001ce4   Section        0  spaceinvaders.o(i.redraw)
    i.setAddrWindow                          0x00001d80   Section        0  st7735.o(i.setAddrWindow)
    setAddrWindow                            0x00001d81   Thumb Code   106  st7735.o(i.setAddrWindow)
    i.yValOnLine                             0x00001df4   Section        0  sprites.o(i.yValOnLine)
    .constdata                               0x00001ee6   Section     5178  sound.o(.constdata)
    .constdata                               0x00003320   Section     2114  st7735.o(.constdata)
    Font                                     0x00003320   Data        1275  st7735.o(.constdata)
    Bcmd                                     0x0000381b   Data         103  st7735.o(.constdata)
    Rcmd1                                    0x00003882   Data          59  st7735.o(.constdata)
    Rcmd2green                               0x000038bd   Data          13  st7735.o(.constdata)
    Rcmd2red                                 0x000038ca   Data          13  st7735.o(.constdata)
    Rcmd3                                    0x000038d7   Data          43  st7735.o(.constdata)
    .constdata                               0x00003b62   Section    12682  images.o(.constdata)
    .data                                    0x20000000   Section       24  sound.o(.data)
    .data                                    0x20000018   Section       18  spaceinvaders.o(.data)
    .data                                    0x2000002c   Section       44  st7735.o(.data)
    ColStart                                 0x20000036   Data           1  st7735.o(.data)
    RowStart                                 0x20000037   Data           1  st7735.o(.data)
    Rotation                                 0x20000038   Data           1  st7735.o(.data)
    TabColor                                 0x20000039   Data           1  st7735.o(.data)
    _width                                   0x2000003a   Data           2  st7735.o(.data)
    _height                                  0x2000003c   Data           2  st7735.o(.data)
    .data                                    0x20000058   Section        4  texas.o(.data)
    .data                                    0x2000005c   Section        2  line.o(.data)
    numLines                                 0x2000005c   Data           1  line.o(.data)
    numPoints                                0x2000005d   Data           1  line.o(.data)
    .bss                                     0x20000060   Section      270  line.o(.bss)
    .bss                                     0x20000170   Section      240  sprites.o(.bss)
    .bss                                     0x20000260   Section       96  libspace.o(.bss)
    HEAP                                     0x200002c0   Section        0  startup.o(HEAP)
    STACK                                    0x200002c0   Section     1024  startup.o(STACK)
    HeapMem                                  0x200002c0   Data           0  startup.o(HEAP)
    StackMem                                 0x200002c0   Data           0  startup.o(STACK)

    Global Symbols

    Symbol Name                              Value     Ov Type        Size  Object(Section)

    BuildAttributes$$THM_ISAv4$E$P$D$K$B$S$7EM$PE$A:L22UL41UL21$X:L11$S22US41US21$IEEE1$IW$USESV6$~STKCKD$USESV7$~SHL$OSPACE$ROPI$EBA8$UX$STANDARDLIB$REQ8$EABIv2 0x00000000   Number         0  anon$$obj.o ABSOLUTE
    __ARM_use_no_argv                        0x00000000   Number         0  spaceinvaders.o ABSOLUTE
    __Vectors                                0x00000000   Data           0  startup.o(RESET)
    __ARM_exceptions_init                     - Undefined Weak Reference
    __alloca_initialize                       - Undefined Weak Reference
    __arm_fini_                               - Undefined Weak Reference
    __arm_preinit_                            - Undefined Weak Reference
    __cpp_initialize__aeabi_                  - Undefined Weak Reference
    __cxa_finalize                            - Undefined Weak Reference
    __rt_locale                               - Undefined Weak Reference
    __sigvec_lookup                           - Undefined Weak Reference
    _atexit_init                              - Undefined Weak Reference
    _call_atexit_fns                          - Undefined Weak Reference
    _clock_init                               - Undefined Weak Reference
    _fp_trap_init                             - Undefined Weak Reference
    _fp_trap_shutdown                         - Undefined Weak Reference
    _get_lc_collate                           - Undefined Weak Reference
    _get_lc_ctype                             - Undefined Weak Reference
    _get_lc_monetary                          - Undefined Weak Reference
    _get_lc_numeric                           - Undefined Weak Reference
    _get_lc_time                              - Undefined Weak Reference
    _getenv_init                              - Undefined Weak Reference
    _handle_redirection                       - Undefined Weak Reference
    _init_alloc                               - Undefined Weak Reference
    _init_user_alloc                          - Undefined Weak Reference
    _initio                                   - Undefined Weak Reference
    _rand_init                                - Undefined Weak Reference
    _signal_finish                            - Undefined Weak Reference
    _signal_init                              - Undefined Weak Reference
    _terminate_alloc                          - Undefined Weak Reference
    _terminate_user_alloc                     - Undefined Weak Reference
    _terminateio                              - Undefined Weak Reference
    Reset_Handler                            0x0000026d   Thumb Code     0  startup.o(RESET)
    NMI_Handler                              0x00000271   Thumb Code     2  startup.o(RESET)
    HardFault_Handler                        0x00000273   Thumb Code     2  startup.o(RESET)
    MemManage_Handler                        0x00000275   Thumb Code     2  startup.o(RESET)
    BusFault_Handler                         0x00000277   Thumb Code     2  startup.o(RESET)
    UsageFault_Handler                       0x00000279   Thumb Code     2  startup.o(RESET)
    SVC_Handler                              0x0000027b   Thumb Code     2  startup.o(RESET)
    DebugMon_Handler                         0x0000027d   Thumb Code     2  startup.o(RESET)
    PendSV_Handler                           0x0000027f   Thumb Code     2  startup.o(RESET)
    ADC0Seq0_Handler                         0x00000283   Thumb Code     0  startup.o(RESET)
    ADC0Seq1_Handler                         0x00000283   Thumb Code     0  startup.o(RESET)
    ADC0Seq2_Handler                         0x00000283   Thumb Code     0  startup.o(RESET)
    ADC0Seq3_Handler                         0x00000283   Thumb Code     0  startup.o(RESET)
    ADC1Seq0_Handler                         0x00000283   Thumb Code     0  startup.o(RESET)
    ADC1Seq1_Handler                         0x00000283   Thumb Code     0  startup.o(RESET)
    ADC1Seq2_Handler                         0x00000283   Thumb Code     0  startup.o(RESET)
    ADC1Seq3_Handler                         0x00000283   Thumb Code     0  startup.o(RESET)
    CAN0_Handler                             0x00000283   Thumb Code     0  startup.o(RESET)
    CAN1_Handler                             0x00000283   Thumb Code     0  startup.o(RESET)
    CAN2_Handler                             0x00000283   Thumb Code     0  startup.o(RESET)
    Comp0_Handler                            0x00000283   Thumb Code     0  startup.o(RESET)
    Comp1_Handler                            0x00000283   Thumb Code     0  startup.o(RESET)
    Comp2_Handler                            0x00000283   Thumb Code     0  startup.o(RESET)
    Ethernet_Handler                         0x00000283   Thumb Code     0  startup.o(RESET)
    ExtBus_Handler                           0x00000283   Thumb Code     0  startup.o(RESET)
    FPU_Handler                              0x00000283   Thumb Code     0  startup.o(RESET)
    Fan0_Handler                             0x00000283   Thumb Code     0  startup.o(RESET)
    FlashCtl_Handler                         0x00000283   Thumb Code     0  startup.o(RESET)
    GPIOPortA_Handler                        0x00000283   Thumb Code     0  startup.o(RESET)
    GPIOPortB_Handler                        0x00000283   Thumb Code     0  startup.o(RESET)
    GPIOPortC_Handler                        0x00000283   Thumb Code     0  startup.o(RESET)
    GPIOPortD_Handler                        0x00000283   Thumb Code     0  startup.o(RESET)
    GPIOPortF_Handler                        0x00000283   Thumb Code     0  startup.o(RESET)
    GPIOPortG_Handler                        0x00000283   Thumb Code     0  startup.o(RESET)
    GPIOPortH_Handler                        0x00000283   Thumb Code     0  startup.o(RESET)
    GPIOPortJ_Handler                        0x00000283   Thumb Code     0  startup.o(RESET)
    GPIOPortK_Handler                        0x00000283   Thumb Code     0  startup.o(RESET)
    GPIOPortL_Handler                        0x00000283   Thumb Code     0  startup.o(RESET)
    GPIOPortM_Handler                        0x00000283   Thumb Code     0  startup.o(RESET)
    GPIOPortN_Handler                        0x00000283   Thumb Code     0  startup.o(RESET)
    GPIOPortP1_Handler                       0x00000283   Thumb Code     0  startup.o(RESET)
    GPIOPortP2_Handler                       0x00000283   Thumb Code     0  startup.o(RESET)
    GPIOPortP3_Handler                       0x00000283   Thumb Code     0  startup.o(RESET)
    GPIOPortP4_Handler                       0x00000283   Thumb Code     0  startup.o(RESET)
    GPIOPortP5_Handler                       0x00000283   Thumb Code     0  startup.o(RESET)
    GPIOPortP6_Handler                       0x00000283   Thumb Code     0  startup.o(RESET)
    GPIOPortP7_Handler                       0x00000283   Thumb Code     0  startup.o(RESET)
    GPIOPortP_Handler                        0x00000283   Thumb Code     0  startup.o(RESET)
    GPIOPortQ1_Handler                       0x00000283   Thumb Code     0  startup.o(RESET)
    GPIOPortQ2_Handler                       0x00000283   Thumb Code     0  startup.o(RESET)
    GPIOPortQ3_Handler                       0x00000283   Thumb Code     0  startup.o(RESET)
    GPIOPortQ4_Handler                       0x00000283   Thumb Code     0  startup.o(RESET)
    GPIOPortQ5_Handler                       0x00000283   Thumb Code     0  startup.o(RESET)
    GPIOPortQ6_Handler                       0x00000283   Thumb Code     0  startup.o(RESET)
    GPIOPortQ7_Handler                       0x00000283   Thumb Code     0  startup.o(RESET)
    GPIOPortQ_Handler                        0x00000283   Thumb Code     0  startup.o(RESET)
    GPIOPortR_Handler                        0x00000283   Thumb Code     0  startup.o(RESET)
    GPIOPortS_Handler                        0x00000283   Thumb Code     0  startup.o(RESET)
    Hibernate_Handler                        0x00000283   Thumb Code     0  startup.o(RESET)
    I2C0_Handler                             0x00000283   Thumb Code     0  startup.o(RESET)
    I2C1_Handler                             0x00000283   Thumb Code     0  startup.o(RESET)
    I2C2_Handler                             0x00000283   Thumb Code     0  startup.o(RESET)
    I2C3_Handler                             0x00000283   Thumb Code     0  startup.o(RESET)
    I2C4_Handler                             0x00000283   Thumb Code     0  startup.o(RESET)
    I2C5_Handler                             0x00000283   Thumb Code     0  startup.o(RESET)
    I2S0_Handler                             0x00000283   Thumb Code     0  startup.o(RESET)
    LPC0_Handler                             0x00000283   Thumb Code     0  startup.o(RESET)
    PECI0_Handler                            0x00000283   Thumb Code     0  startup.o(RESET)
    PWM0Fault_Handler                        0x00000283   Thumb Code     0  startup.o(RESET)
    PWM0Generator0_Handler                   0x00000283   Thumb Code     0  startup.o(RESET)
    PWM0Generator1_Handler                   0x00000283   Thumb Code     0  startup.o(RESET)
    PWM0Generator2_Handler                   0x00000283   Thumb Code     0  startup.o(RESET)
    PWM0Generator3_Handler                   0x00000283   Thumb Code     0  startup.o(RESET)
    PWM1Fault_Handler                        0x00000283   Thumb Code     0  startup.o(RESET)
    PWM1Generator0_Handler                   0x00000283   Thumb Code     0  startup.o(RESET)
    PWM1Generator1_Handler                   0x00000283   Thumb Code     0  startup.o(RESET)
    PWM1Generator2_Handler                   0x00000283   Thumb Code     0  startup.o(RESET)
    PWM1Generator3_Handler                   0x00000283   Thumb Code     0  startup.o(RESET)
    Quadrature0_Handler                      0x00000283   Thumb Code     0  startup.o(RESET)
    Quadrature1_Handler                      0x00000283   Thumb Code     0  startup.o(RESET)
    Quadrature2_Handler                      0x00000283   Thumb Code     0  startup.o(RESET)
    SSI0_Handler                             0x00000283   Thumb Code     0  startup.o(RESET)
    SSI1_Handler                             0x00000283   Thumb Code     0  startup.o(RESET)
    SSI2_Handler                             0x00000283   Thumb Code     0  startup.o(RESET)
    SSI3_Handler                             0x00000283   Thumb Code     0  startup.o(RESET)
    SysCtl_Handler                           0x00000283   Thumb Code     0  startup.o(RESET)
    Timer0B_Handler                          0x00000283   Thumb Code     0  startup.o(RESET)
    Timer1B_Handler                          0x00000283   Thumb Code     0  startup.o(RESET)
    Timer2A_Handler                          0x00000283   Thumb Code     0  startup.o(RESET)
    Timer2B_Handler                          0x00000283   Thumb Code     0  startup.o(RESET)
    Timer3A_Handler                          0x00000283   Thumb Code     0  startup.o(RESET)
    Timer3B_Handler                          0x00000283   Thumb Code     0  startup.o(RESET)
    Timer4A_Handler                          0x00000283   Thumb Code     0  startup.o(RESET)
    Timer4B_Handler                          0x00000283   Thumb Code     0  startup.o(RESET)
    Timer5B_Handler                          0x00000283   Thumb Code     0  startup.o(RESET)
    UART0_Handler                            0x00000283   Thumb Code     0  startup.o(RESET)
    UART1_Handler                            0x00000283   Thumb Code     0  startup.o(RESET)
    UART2_Handler                            0x00000283   Thumb Code     0  startup.o(RESET)
    UART3_Handler                            0x00000283   Thumb Code     0  startup.o(RESET)
    UART4_Handler                            0x00000283   Thumb Code     0  startup.o(RESET)
    UART5_Handler                            0x00000283   Thumb Code     0  startup.o(RESET)
    UART6_Handler                            0x00000283   Thumb Code     0  startup.o(RESET)
    UART7_Handler                            0x00000283   Thumb Code     0  startup.o(RESET)
    USB0_Handler                             0x00000283   Thumb Code     0  startup.o(RESET)
    WDT_Handler                              0x00000283   Thumb Code     0  startup.o(RESET)
    WideTimer0A_Handler                      0x00000283   Thumb Code     0  startup.o(RESET)
    WideTimer0B_Handler                      0x00000283   Thumb Code     0  startup.o(RESET)
    WideTimer1A_Handler                      0x00000283   Thumb Code     0  startup.o(RESET)
    WideTimer1B_Handler                      0x00000283   Thumb Code     0  startup.o(RESET)
    WideTimer2A_Handler                      0x00000283   Thumb Code     0  startup.o(RESET)
    WideTimer2B_Handler                      0x00000283   Thumb Code     0  startup.o(RESET)
    WideTimer3A_Handler                      0x00000283   Thumb Code     0  startup.o(RESET)
    WideTimer3B_Handler                      0x00000283   Thumb Code     0  startup.o(RESET)
    WideTimer4A_Handler                      0x00000283   Thumb Code     0  startup.o(RESET)
    WideTimer4B_Handler                      0x00000283   Thumb Code     0  startup.o(RESET)
    WideTimer5A_Handler                      0x00000283   Thumb Code     0  startup.o(RESET)
    WideTimer5B_Handler                      0x00000283   Thumb Code     0  startup.o(RESET)
    uDMA_Error                               0x00000283   Thumb Code     0  startup.o(RESET)
    uDMA_Handler                             0x00000283   Thumb Code     0  startup.o(RESET)
    __main                                   0x00000285   Thumb Code     8  __main.o(!!!main)
    __scatterload                            0x0000028d   Thumb Code     0  __scatter.o(!!!scatter)
    __scatterload_rt2                        0x0000028d   Thumb Code    44  __scatter.o(!!!scatter)
    __scatterload_rt2_thumb_only             0x0000028d   Thumb Code     0  __scatter.o(!!!scatter)
    __scatterload_null                       0x0000029b   Thumb Code     0  __scatter.o(!!!scatter)
    __scatterload_copy                       0x000002c1   Thumb Code    26  __scatter_copy.o(!!handler_copy)
    __scatterload_zeroinit                   0x000002dd   Thumb Code    28  __scatter_zi.o(!!handler_zi)
    __rt_lib_init                            0x000002f9   Thumb Code     0  libinit.o(.ARM.Collect$$libinit$$00000000)
    __rt_lib_init_alloca_1                   0x000002fb   Thumb Code     0  libinit2.o(.ARM.Collect$$libinit$$0000002E)
    __rt_lib_init_argv_1                     0x000002fb   Thumb Code     0  libinit2.o(.ARM.Collect$$libinit$$0000002C)
    __rt_lib_init_atexit_1                   0x000002fb   Thumb Code     0  libinit2.o(.ARM.Collect$$libinit$$0000001B)
    __rt_lib_init_clock_1                    0x000002fb   Thumb Code     0  libinit2.o(.ARM.Collect$$libinit$$00000021)
    __rt_lib_init_cpp_1                      0x000002fb   Thumb Code     0  libinit2.o(.ARM.Collect$$libinit$$00000032)
    __rt_lib_init_exceptions_1               0x000002fb   Thumb Code     0  libinit2.o(.ARM.Collect$$libinit$$00000030)
    __rt_lib_init_fp_1                       0x000002fb   Thumb Code     0  libinit2.o(.ARM.Collect$$libinit$$00000002)
    __rt_lib_init_fp_trap_1                  0x000002fb   Thumb Code     0  libinit2.o(.ARM.Collect$$libinit$$0000001F)
    __rt_lib_init_getenv_1                   0x000002fb   Thumb Code     0  libinit2.o(.ARM.Collect$$libinit$$00000023)
    __rt_lib_init_heap_1                     0x000002fb   Thumb Code     0  libinit2.o(.ARM.Collect$$libinit$$0000000A)
    __rt_lib_init_lc_collate_1               0x000002fb   Thumb Code     0  libinit2.o(.ARM.Collect$$libinit$$00000011)
    __rt_lib_init_lc_ctype_1                 0x000002fb   Thumb Code     0  libinit2.o(.ARM.Collect$$libinit$$00000013)
    __rt_lib_init_lc_monetary_1              0x000002fb   Thumb Code     0  libinit2.o(.ARM.Collect$$libinit$$00000015)
    __rt_lib_init_lc_numeric_1               0x000002fb   Thumb Code     0  libinit2.o(.ARM.Collect$$libinit$$00000017)
    __rt_lib_init_lc_time_1                  0x000002fb   Thumb Code     0  libinit2.o(.ARM.Collect$$libinit$$00000019)
    __rt_lib_init_preinit_1                  0x000002fb   Thumb Code     0  libinit2.o(.ARM.Collect$$libinit$$00000004)
    __rt_lib_init_rand_1                     0x000002fb   Thumb Code     0  libinit2.o(.ARM.Collect$$libinit$$0000000E)
    __rt_lib_init_return                     0x000002fb   Thumb Code     0  libinit2.o(.ARM.Collect$$libinit$$00000033)
    __rt_lib_init_signal_1                   0x000002fb   Thumb Code     0  libinit2.o(.ARM.Collect$$libinit$$0000001D)
    __rt_lib_init_stdio_1                    0x000002fb   Thumb Code     0  libinit2.o(.ARM.Collect$$libinit$$00000025)
    __rt_lib_init_user_alloc_1               0x000002fb   Thumb Code     0  libinit2.o(.ARM.Collect$$libinit$$0000000C)
    __rt_lib_shutdown                        0x000002fd   Thumb Code     0  libshutdown.o(.ARM.Collect$$libshutdown$$00000000)
    __rt_lib_shutdown_cpp_1                  0x000002ff   Thumb Code     0  libshutdown2.o(.ARM.Collect$$libshutdown$$00000004)
    __rt_lib_shutdown_fini_1                 0x000002ff   Thumb Code     0  libshutdown2.o(.ARM.Collect$$libshutdown$$00000002)
    __rt_lib_shutdown_fp_trap_1              0x000002ff   Thumb Code     0  libshutdown2.o(.ARM.Collect$$libshutdown$$00000009)
    __rt_lib_shutdown_heap_1                 0x000002ff   Thumb Code     0  libshutdown2.o(.ARM.Collect$$libshutdown$$00000011)
    __rt_lib_shutdown_return                 0x000002ff   Thumb Code     0  libshutdown2.o(.ARM.Collect$$libshutdown$$00000012)
    __rt_lib_shutdown_signal_1               0x000002ff   Thumb Code     0  libshutdown2.o(.ARM.Collect$$libshutdown$$0000000C)
    __rt_lib_shutdown_stdio_1                0x000002ff   Thumb Code     0  libshutdown2.o(.ARM.Collect$$libshutdown$$00000006)
    __rt_lib_shutdown_user_alloc_1           0x000002ff   Thumb Code     0  libshutdown2.o(.ARM.Collect$$libshutdown$$0000000E)
    __rt_entry                               0x00000301   Thumb Code     0  __rtentry.o(.ARM.Collect$$rtentry$$00000000)
    __rt_entry_presh_1                       0x00000301   Thumb Code     0  __rtentry2.o(.ARM.Collect$$rtentry$$00000002)
    __rt_entry_sh                            0x00000301   Thumb Code     0  __rtentry4.o(.ARM.Collect$$rtentry$$00000004)
    __rt_entry_li                            0x00000307   Thumb Code     0  __rtentry2.o(.ARM.Collect$$rtentry$$0000000A)
    __rt_entry_postsh_1                      0x00000307   Thumb Code     0  __rtentry2.o(.ARM.Collect$$rtentry$$00000009)
    __rt_entry_main                          0x0000030b   Thumb Code     0  __rtentry2.o(.ARM.Collect$$rtentry$$0000000D)
    __rt_entry_postli_1                      0x0000030b   Thumb Code     0  __rtentry2.o(.ARM.Collect$$rtentry$$0000000C)
    __rt_exit                                0x00000313   Thumb Code     0  rtexit.o(.ARM.Collect$$rtexit$$00000000)
    __rt_exit_ls                             0x00000315   Thumb Code     0  rtexit2.o(.ARM.Collect$$rtexit$$00000003)
    __rt_exit_prels_1                        0x00000315   Thumb Code     0  rtexit2.o(.ARM.Collect$$rtexit$$00000002)
    __rt_exit_exit                           0x00000319   Thumb Code     0  rtexit2.o(.ARM.Collect$$rtexit$$00000004)
    DisableInterrupts                        0x00000321   Thumb Code     0  startup.o(.text)
    EnableInterrupts                         0x00000325   Thumb Code     0  startup.o(.text)
    StartCritical                            0x00000329   Thumb Code     0  startup.o(.text)
    EndCritical                              0x00000331   Thumb Code     0  startup.o(.text)
    WaitForInterrupt                         0x00000337   Thumb Code     0  startup.o(.text)
    __user_initial_stackheap                 0x0000033b   Thumb Code     0  startup.o(.text)
    writecommand                             0x00000351   Thumb Code     0  lcd.o(.text)
    writedata                                0x00000385   Thumb Code     0  lcd.o(.text)
    __use_two_region_memory                  0x000003b5   Thumb Code     2  heapauxi.o(.text)
    __rt_heap_escrow$2region                 0x000003b7   Thumb Code     2  heapauxi.o(.text)
    __rt_heap_expand$2region                 0x000003b9   Thumb Code     2  heapauxi.o(.text)
    __user_setup_stackheap                   0x000003bb   Thumb Code    74  sys_stackheap_outer.o(.text)
    exit                                     0x00000405   Thumb Code    18  exit.o(.text)
    __user_libspace                          0x00000419   Thumb Code     8  libspace.o(.text)
    __user_perproc_libspace                  0x00000419   Thumb Code     0  libspace.o(.text)
    __user_perthread_libspace                0x00000419   Thumb Code     0  libspace.o(.text)
    _sys_exit                                0x00000421   Thumb Code     8  sys_exit.o(.text)
    __I$use$semihosting                      0x0000042d   Thumb Code     0  use_no_semi.o(.text)
    __use_no_semihosting_swi                 0x0000042d   Thumb Code     2  use_no_semi.o(.text)
    __semihosting_library_function           0x0000042f   Thumb Code     0  indicate_semi.o(.text)
    ADC1_Init                                0x00000431   Thumb Code   176  texas.o(i.ADC1_Init)
    ADC_In89                                 0x000004f9   Thumb Code    52  adc.o(i.ADC_In89)
    ADC_Init                                 0x00000531   Thumb Code   190  adc.o(i.ADC_Init)
    Balls_Init                               0x00000609   Thumb Code   110  sprites.o(i.Balls_Init)
    Check_Collisions                         0x00000685   Thumb Code   290  sprites.o(i.Check_Collisions)
    DAC_Out                                  0x000007b1   Thumb Code     6  dac.o(i.DAC_Out)
    Delay1ms                                 0x000007bd   Thumb Code    32  st7735.o(i.Delay1ms)
    Draw_Balls                               0x000007dd   Thumb Code   208  sprites.o(i.Draw_Balls)
    Draw_Line                                0x000008b1   Thumb Code   216  line.o(i.Draw_Line)
    Drop_New_Ball                            0x00000989   Thumb Code    12  sprites.o(i.Drop_New_Ball)
    GPIOPortE_Handler                        0x00000999   Thumb Code    54  spaceinvaders.o(i.GPIOPortE_Handler)
    Level_Init                               0x000009e1   Thumb Code   190  sprites.o(i.Level_Init)
    LogicAnalyzerA                           0x00000ac5   Thumb Code    16  texas.o(i.LogicAnalyzerA)
    LogicAnalyzerB                           0x00000add   Thumb Code    14  texas.o(i.LogicAnalyzerB)
    LogicAnalyzerC                           0x00000af5   Thumb Code    16  texas.o(i.LogicAnalyzerC)
    LogicAnalyzerE                           0x00000b0d   Thumb Code    14  texas.o(i.LogicAnalyzerE)
    LogicAnalyzerF                           0x00000b25   Thumb Code    14  texas.o(i.LogicAnalyzerF)
    Move_Ball_OnLine                         0x00000b3d   Thumb Code   194  sprites.o(i.Move_Ball_OnLine)
    Move_Balls                               0x00000c01   Thumb Code   340  sprites.o(i.Move_Balls)
    PLL_Init                                 0x00000d5d   Thumb Code   120  pll.o(i.PLL_Init)
    PeriodicTask2_Init                       0x00000dd9   Thumb Code   128  texas.o(i.PeriodicTask2_Init)
    PortE_Init                               0x00000e6d   Thumb Code   112  spaceinvaders.o(i.PortE_Init)
    PortF_Init                               0x00000eed   Thumb Code    68  spaceinvaders.o(i.PortF_Init)
    Record_Coords                            0x00000f41   Thumb Code   690  line.o(i.Record_Coords)
    Redraw_Lines                             0x00001201   Thumb Code   136  line.o(i.Redraw_Lines)
    Redraw_Obstacles                         0x00001291   Thumb Code    68  sprites.o(i.Redraw_Obstacles)
    Reduce_Slope                             0x000012d9   Thumb Code   158  line.o(i.Reduce_Slope)
    ST7735_DrawBitmap                        0x00001379   Thumb Code   280  st7735.o(i.ST7735_DrawBitmap)
    ST7735_DrawPixel                         0x00001499   Thumb Code    64  st7735.o(i.ST7735_DrawPixel)
    ST7735_DrawSmallCircle                   0x000014e1   Thumb Code   158  st7735.o(i.ST7735_DrawSmallCircle)
    ST7735_FillRect                          0x0000158d   Thumb Code   164  st7735.o(i.ST7735_FillRect)
    ST7735_FillScreen                        0x00001639   Thumb Code    28  st7735.o(i.ST7735_FillScreen)
    ST7735_InitR                             0x0000165d   Thumb Code    90  st7735.o(i.ST7735_InitR)
    ST7735_SetCursor                         0x000016d9   Thumb Code    22  st7735.o(i.ST7735_SetCursor)
    Scope                                    0x000016f9   Thumb Code    12  texas.o(i.Scope)
    Stop_Sound                               0x0000170d   Thumb Code    12  sound.o(i.Stop_Sound)
    SysTick_Handler                          0x00001721   Thumb Code   132  spaceinvaders.o(i.SysTick_Handler)
    SysTick_Init                             0x000017cd   Thumb Code    22  spaceinvaders.o(i.SysTick_Init)
    TExaS_Init                               0x000017e5   Thumb Code   214  texas.o(i.TExaS_Init)
    Timer0A_Handler                          0x000018dd   Thumb Code    64  sound.o(i.Timer0A_Handler)
    Timer1A_Handler                          0x0000192d   Thumb Code    12  spaceinvaders.o(i.Timer1A_Handler)
    Timer1_Init                              0x00001941   Thumb Code    72  timer1.o(i.Timer1_Init)
    Timer5A_Handler                          0x00001999   Thumb Code    16  texas.o(i.Timer5A_Handler)
    UART0_Init                               0x000019b1   Thumb Code   118  texas.o(i.UART0_Init)
    main                                     0x00001c35   Thumb Code   118  spaceinvaders.o(i.main)
    redraw                                   0x00001ce5   Thumb Code   114  spaceinvaders.o(i.redraw)
    yValOnLine                               0x00001df5   Thumb Code   242  sprites.o(i.yValOnLine)
    fastinvader4                             0x00001ee6   Data        1098  sound.o(.constdata)
    shoot                                    0x00002330   Data        4080  sound.o(.constdata)
    smallCircle                              0x00003902   Data          36  st7735.o(.constdata)
    circle                                   0x00003926   Data          60  st7735.o(.constdata)
    dBfs                                     0x00003962   Data         512  st7735.o(.constdata)
    Flag0                                    0x00003b62   Data         240  images.o(.constdata)
    BallMachine                              0x00003c52   Data         900  images.o(.constdata)
    greenBall                                0x00003fd6   Data         128  images.o(.constdata)
    whiteBall                                0x00004056   Data         128  images.o(.constdata)
    blackBall                                0x000040d6   Data         128  images.o(.constdata)
    blueBall                                 0x00004156   Data         128  images.o(.constdata)
    yellowBall                               0x000041d6   Data         128  images.o(.constdata)
    cursorGreen                              0x00004256   Data          50  images.o(.constdata)
    cursorMain                               0x00004288   Data          50  images.o(.constdata)
    hole                                     0x000042ba   Data         288  images.o(.constdata)
    Pond1                                    0x000043da   Data        1760  images.o(.constdata)
    Sand1                                    0x00004aba   Data        1848  images.o(.constdata)
    GolfGolf                                 0x000051f2   Data        3906  images.o(.constdata)
    Flag                                     0x00006134   Data        3000  images.o(.constdata)
    Region$$Table$$Base                      0x00006cec   Number         0  anon$$obj.o(Region$$Table)
    Region$$Table$$Limit                     0x00006d0c   Number         0  anon$$obj.o(Region$$Table)
    soundIdx                                 0x20000000   Data           1  sound.o(.data)
    waveIdx                                  0x20000004   Data           4  sound.o(.data)
    Sounds                                   0x20000008   Data          16  sound.o(.data)
    oldXCoord                                0x20000018   Data           2  spaceinvaders.o(.data)
    xCoord                                   0x2000001a   Data           2  spaceinvaders.o(.data)
    oldYCoord                                0x2000001c   Data           2  spaceinvaders.o(.data)
    yCoord                                   0x2000001e   Data           2  spaceinvaders.o(.data)
    currentLevel                             0x20000020   Data           1  spaceinvaders.o(.data)
    needDrawBalls                            0x20000021   Data           1  spaceinvaders.o(.data)
    needRecordCoords                         0x20000022   Data           1  spaceinvaders.o(.data)
    needDrawCursor                           0x20000023   Data           1  spaceinvaders.o(.data)
    needMoveBalls                            0x20000024   Data           1  spaceinvaders.o(.data)
    needDropBall                             0x20000025   Data           1  spaceinvaders.o(.data)
    ballCollision                            0x20000026   Data           1  spaceinvaders.o(.data)
    startBallTimer                           0x20000027   Data           1  spaceinvaders.o(.data)
    numBallsMoved                            0x20000028   Data           1  spaceinvaders.o(.data)
    drewABall                                0x20000029   Data           1  spaceinvaders.o(.data)
    StX                                      0x2000002c   Data           4  st7735.o(.data)
    StY                                      0x20000030   Data           4  st7735.o(.data)
    StTextColor                              0x20000034   Data           2  st7735.o(.data)
    Messageindex                             0x20000040   Data           4  st7735.o(.data)
    Ymax                                     0x20000044   Data           4  st7735.o(.data)
    Ymin                                     0x20000048   Data           4  st7735.o(.data)
    X                                        0x2000004c   Data           4  st7735.o(.data)
    Yrange                                   0x20000050   Data           4  st7735.o(.data)
    lastj                                    0x20000054   Data           4  st7735.o(.data)
    PeriodicTask2                            0x20000058   Data           4  texas.o(.data)
    Lines                                    0x20000060   Data         270  line.o(.bss)
    Obstacles                                0x20000170   Data          48  sprites.o(.bss)
    Balls                                    0x200001a0   Data         192  sprites.o(.bss)
    __libspace_start                         0x20000260   Data          96  libspace.o(.bss)
    __temporary_stack_top$libspace           0x200002c0   Data           0  libspace.o(.bss)



==============================================================================

Memory Map of the image

  Image Entry point : 0x0000026d

  Load Region LR_1 (Base: 0x00000000, Size: 0x00006d6c, Max: 0xffffffff, ABSOLUTE)

    Execution Region ER_RO (Exec base: 0x00000000, Load base: 0x00000000, Size: 0x00006d0c, Max: 0xffffffff, ABSOLUTE)

    Exec Addr    Load Addr    Size         Type   Attr      Idx    E Section Name        Object

    0x00000000   0x00000000   0x00000284   Code   RO            3  * RESET               startup.o
    0x00000284   0x00000284   0x00000008   Code   RO          744  * !!!main             c_w.l(__main.o)
    0x0000028c   0x0000028c   0x00000034   Code   RO          903    !!!scatter          c_w.l(__scatter.o)
    0x000002c0   0x000002c0   0x0000001a   Code   RO          905    !!handler_copy      c_w.l(__scatter_copy.o)
    0x000002da   0x000002da   0x00000002   PAD
    0x000002dc   0x000002dc   0x0000001c   Code   RO          907    !!handler_zi        c_w.l(__scatter_zi.o)
    0x000002f8   0x000002f8   0x00000002   Code   RO          771    .ARM.Collect$$libinit$$00000000  c_w.l(libinit.o)
    0x000002fa   0x000002fa   0x00000000   Code   RO          778    .ARM.Collect$$libinit$$00000002  c_w.l(libinit2.o)
    0x000002fa   0x000002fa   0x00000000   Code   RO          780    .ARM.Collect$$libinit$$00000004  c_w.l(libinit2.o)
    0x000002fa   0x000002fa   0x00000000   Code   RO          783    .ARM.Collect$$libinit$$0000000A  c_w.l(libinit2.o)
    0x000002fa   0x000002fa   0x00000000   Code   RO          785    .ARM.Collect$$libinit$$0000000C  c_w.l(libinit2.o)
    0x000002fa   0x000002fa   0x00000000   Code   RO          787    .ARM.Collect$$libinit$$0000000E  c_w.l(libinit2.o)
    0x000002fa   0x000002fa   0x00000000   Code   RO          790    .ARM.Collect$$libinit$$00000011  c_w.l(libinit2.o)
    0x000002fa   0x000002fa   0x00000000   Code   RO          792    .ARM.Collect$$libinit$$00000013  c_w.l(libinit2.o)
    0x000002fa   0x000002fa   0x00000000   Code   RO          794    .ARM.Collect$$libinit$$00000015  c_w.l(libinit2.o)
    0x000002fa   0x000002fa   0x00000000   Code   RO          796    .ARM.Collect$$libinit$$00000017  c_w.l(libinit2.o)
    0x000002fa   0x000002fa   0x00000000   Code   RO          798    .ARM.Collect$$libinit$$00000019  c_w.l(libinit2.o)
    0x000002fa   0x000002fa   0x00000000   Code   RO          800    .ARM.Collect$$libinit$$0000001B  c_w.l(libinit2.o)
    0x000002fa   0x000002fa   0x00000000   Code   RO          802    .ARM.Collect$$libinit$$0000001D  c_w.l(libinit2.o)
    0x000002fa   0x000002fa   0x00000000   Code   RO          804    .ARM.Collect$$libinit$$0000001F  c_w.l(libinit2.o)
    0x000002fa   0x000002fa   0x00000000   Code   RO          806    .ARM.Collect$$libinit$$00000021  c_w.l(libinit2.o)
    0x000002fa   0x000002fa   0x00000000   Code   RO          808    .ARM.Collect$$libinit$$00000023  c_w.l(libinit2.o)
    0x000002fa   0x000002fa   0x00000000   Code   RO          810    .ARM.Collect$$libinit$$00000025  c_w.l(libinit2.o)
    0x000002fa   0x000002fa   0x00000000   Code   RO          814    .ARM.Collect$$libinit$$0000002C  c_w.l(libinit2.o)
    0x000002fa   0x000002fa   0x00000000   Code   RO          816    .ARM.Collect$$libinit$$0000002E  c_w.l(libinit2.o)
    0x000002fa   0x000002fa   0x00000000   Code   RO          818    .ARM.Collect$$libinit$$00000030  c_w.l(libinit2.o)
    0x000002fa   0x000002fa   0x00000000   Code   RO          820    .ARM.Collect$$libinit$$00000032  c_w.l(libinit2.o)
    0x000002fa   0x000002fa   0x00000002   Code   RO          821    .ARM.Collect$$libinit$$00000033  c_w.l(libinit2.o)
    0x000002fc   0x000002fc   0x00000002   Code   RO          841    .ARM.Collect$$libshutdown$$00000000  c_w.l(libshutdown.o)
    0x000002fe   0x000002fe   0x00000000   Code   RO          854    .ARM.Collect$$libshutdown$$00000002  c_w.l(libshutdown2.o)
    0x000002fe   0x000002fe   0x00000000   Code   RO          856    .ARM.Collect$$libshutdown$$00000004  c_w.l(libshutdown2.o)
    0x000002fe   0x000002fe   0x00000000   Code   RO          858    .ARM.Collect$$libshutdown$$00000006  c_w.l(libshutdown2.o)
    0x000002fe   0x000002fe   0x00000000   Code   RO          861    .ARM.Collect$$libshutdown$$00000009  c_w.l(libshutdown2.o)
    0x000002fe   0x000002fe   0x00000000   Code   RO          864    .ARM.Collect$$libshutdown$$0000000C  c_w.l(libshutdown2.o)
    0x000002fe   0x000002fe   0x00000000   Code   RO          866    .ARM.Collect$$libshutdown$$0000000E  c_w.l(libshutdown2.o)
    0x000002fe   0x000002fe   0x00000000   Code   RO          869    .ARM.Collect$$libshutdown$$00000011  c_w.l(libshutdown2.o)
    0x000002fe   0x000002fe   0x00000002   Code   RO          870    .ARM.Collect$$libshutdown$$00000012  c_w.l(libshutdown2.o)
    0x00000300   0x00000300   0x00000000   Code   RO          746    .ARM.Collect$$rtentry$$00000000  c_w.l(__rtentry.o)
    0x00000300   0x00000300   0x00000000   Code   RO          748    .ARM.Collect$$rtentry$$00000002  c_w.l(__rtentry2.o)
    0x00000300   0x00000300   0x00000006   Code   RO          760    .ARM.Collect$$rtentry$$00000004  c_w.l(__rtentry4.o)
    0x00000306   0x00000306   0x00000000   Code   RO          750    .ARM.Collect$$rtentry$$00000009  c_w.l(__rtentry2.o)
    0x00000306   0x00000306   0x00000004   Code   RO          751    .ARM.Collect$$rtentry$$0000000A  c_w.l(__rtentry2.o)
    0x0000030a   0x0000030a   0x00000000   Code   RO          753    .ARM.Collect$$rtentry$$0000000C  c_w.l(__rtentry2.o)
    0x0000030a   0x0000030a   0x00000008   Code   RO          754    .ARM.Collect$$rtentry$$0000000D  c_w.l(__rtentry2.o)
    0x00000312   0x00000312   0x00000002   Code   RO          775    .ARM.Collect$$rtexit$$00000000  c_w.l(rtexit.o)
    0x00000314   0x00000314   0x00000000   Code   RO          823    .ARM.Collect$$rtexit$$00000002  c_w.l(rtexit2.o)
    0x00000314   0x00000314   0x00000004   Code   RO          824    .ARM.Collect$$rtexit$$00000003  c_w.l(rtexit2.o)
    0x00000318   0x00000318   0x00000006   Code   RO          825    .ARM.Collect$$rtexit$$00000004  c_w.l(rtexit2.o)
    0x0000031e   0x0000031e   0x00000002   PAD
    0x00000320   0x00000320   0x00000030   Code   RO            4    .text               startup.o
    0x00000350   0x00000350   0x00000064   Code   RO          126    .text               lcd.o
    0x000003b4   0x000003b4   0x00000006   Code   RO          742    .text               c_w.l(heapauxi.o)
    0x000003ba   0x000003ba   0x0000004a   Code   RO          762    .text               c_w.l(sys_stackheap_outer.o)
    0x00000404   0x00000404   0x00000012   Code   RO          764    .text               c_w.l(exit.o)
    0x00000416   0x00000416   0x00000002   PAD
    0x00000418   0x00000418   0x00000008   Code   RO          772    .text               c_w.l(libspace.o)
    0x00000420   0x00000420   0x0000000c   Code   RO          833    .text               c_w.l(sys_exit.o)
    0x0000042c   0x0000042c   0x00000002   Code   RO          844    .text               c_w.l(use_no_semi.o)
    0x0000042e   0x0000042e   0x00000000   Code   RO          846    .text               c_w.l(indicate_semi.o)
    0x0000042e   0x0000042e   0x00000002   PAD
    0x00000430   0x00000430   0x000000c8   Code   RO          498    i.ADC1_Init         texas.o
    0x000004f8   0x000004f8   0x00000038   Code   RO           41    i.ADC_In89          adc.o
    0x00000530   0x00000530   0x000000d8   Code   RO           42    i.ADC_Init          adc.o
    0x00000608   0x00000608   0x0000007c   Code   RO          677    i.Balls_Init        sprites.o
    0x00000684   0x00000684   0x0000012c   Code   RO          678    i.Check_Collisions  sprites.o
    0x000007b0   0x000007b0   0x0000000c   Code   RO           17    i.DAC_Out           dac.o
    0x000007bc   0x000007bc   0x00000020   Code   RO          218    i.Delay1ms          st7735.o
    0x000007dc   0x000007dc   0x000000d4   Code   RO          679    i.Draw_Balls        sprites.o
    0x000008b0   0x000008b0   0x000000d8   Code   RO          627    i.Draw_Line         line.o
    0x00000988   0x00000988   0x00000010   Code   RO          680    i.Drop_New_Ball     sprites.o
    0x00000998   0x00000998   0x00000048   Code   RO          132    i.GPIOPortE_Handler  spaceinvaders.o
    0x000009e0   0x000009e0   0x000000e4   Code   RO          681    i.Level_Init        sprites.o
    0x00000ac4   0x00000ac4   0x00000018   Code   RO          499    i.LogicAnalyzerA    texas.o
    0x00000adc   0x00000adc   0x00000018   Code   RO          500    i.LogicAnalyzerB    texas.o
    0x00000af4   0x00000af4   0x00000018   Code   RO          501    i.LogicAnalyzerC    texas.o
    0x00000b0c   0x00000b0c   0x00000018   Code   RO          502    i.LogicAnalyzerE    texas.o
    0x00000b24   0x00000b24   0x00000018   Code   RO          503    i.LogicAnalyzerF    texas.o
    0x00000b3c   0x00000b3c   0x000000c2   Code   RO          682    i.Move_Ball_OnLine  sprites.o
    0x00000bfe   0x00000bfe   0x00000002   PAD
    0x00000c00   0x00000c00   0x0000015c   Code   RO          683    i.Move_Balls        sprites.o
    0x00000d5c   0x00000d5c   0x0000007c   Code   RO          606    i.PLL_Init          pll.o
    0x00000dd8   0x00000dd8   0x00000094   Code   RO          504    i.PeriodicTask2_Init  texas.o
    0x00000e6c   0x00000e6c   0x00000080   Code   RO          133    i.PortE_Init        spaceinvaders.o
    0x00000eec   0x00000eec   0x00000054   Code   RO          134    i.PortF_Init        spaceinvaders.o
    0x00000f40   0x00000f40   0x000002c0   Code   RO          628    i.Record_Coords     line.o
    0x00001200   0x00001200   0x00000090   Code   RO          629    i.Redraw_Lines      line.o
    0x00001290   0x00001290   0x00000048   Code   RO          684    i.Redraw_Obstacles  sprites.o
    0x000012d8   0x000012d8   0x0000009e   Code   RO          630    i.Reduce_Slope      line.o
    0x00001376   0x00001376   0x00000002   PAD
    0x00001378   0x00001378   0x00000120   Code   RO          225    i.ST7735_DrawBitmap  st7735.o
    0x00001498   0x00001498   0x00000048   Code   RO          231    i.ST7735_DrawPixel  st7735.o
    0x000014e0   0x000014e0   0x000000ac   Code   RO          232    i.ST7735_DrawSmallCircle  st7735.o
    0x0000158c   0x0000158c   0x000000ac   Code   RO          234    i.ST7735_FillRect   st7735.o
    0x00001638   0x00001638   0x00000024   Code   RO          235    i.ST7735_FillScreen  st7735.o
    0x0000165c   0x0000165c   0x0000007c   Code   RO          237    i.ST7735_InitR      st7735.o
    0x000016d8   0x000016d8   0x00000020   Code   RO          250    i.ST7735_SetCursor  st7735.o
    0x000016f8   0x000016f8   0x00000014   Code   RO          506    i.Scope             texas.o
    0x0000170c   0x0000170c   0x00000014   Code   RO           85    i.Stop_Sound        sound.o
    0x00001720   0x00001720   0x000000ac   Code   RO          135    i.SysTick_Handler   spaceinvaders.o
    0x000017cc   0x000017cc   0x00000016   Code   RO          136    i.SysTick_Init      spaceinvaders.o
    0x000017e2   0x000017e2   0x00000002   PAD
    0x000017e4   0x000017e4   0x000000f8   Code   RO          507    i.TExaS_Init        texas.o
    0x000018dc   0x000018dc   0x00000050   Code   RO           86    i.Timer0A_Handler   sound.o
    0x0000192c   0x0000192c   0x00000014   Code   RO          137    i.Timer1A_Handler   spaceinvaders.o
    0x00001940   0x00001940   0x00000058   Code   RO           71    i.Timer1_Init       timer1.o
    0x00001998   0x00001998   0x00000018   Code   RO          509    i.Timer5A_Handler   texas.o
    0x000019b0   0x000019b0   0x00000088   Code   RO          511    i.UART0_Init        texas.o
    0x00001a38   0x00001a38   0x00000056   Code   RO          254    i.commandList       st7735.o
    0x00001a8e   0x00001a8e   0x00000002   PAD
    0x00001a90   0x00001a90   0x00000188   Code   RO          255    i.commonInit        st7735.o
    0x00001c18   0x00001c18   0x0000001c   Code   RO          256    i.deselect          st7735.o
    0x00001c34   0x00001c34   0x0000009c   Code   RO          138    i.main              spaceinvaders.o
    0x00001cd0   0x00001cd0   0x00000012   Code   RO          261    i.pushColor         st7735.o
    0x00001ce2   0x00001ce2   0x00000002   PAD
    0x00001ce4   0x00001ce4   0x0000009c   Code   RO          139    i.redraw            spaceinvaders.o
    0x00001d80   0x00001d80   0x00000074   Code   RO          262    i.setAddrWindow     st7735.o
    0x00001df4   0x00001df4   0x000000f2   Code   RO          685    i.yValOnLine        sprites.o
    0x00001ee6   0x00001ee6   0x0000143a   Data   RO           87    .constdata          sound.o
    0x00003320   0x00003320   0x00000842   Data   RO          264    .constdata          st7735.o
    0x00003b62   0x00003b62   0x0000318a   Data   RO          664    .constdata          images.o
    0x00006cec   0x00006cec   0x00000020   Data   RO          901    Region$$Table       anon$$obj.o


    Execution Region ER_RW (Exec base: 0x20000000, Load base: 0x00006d0c, Size: 0x00000060, Max: 0xffffffff, ABSOLUTE)

    Exec Addr    Load Addr    Size         Type   Attr      Idx    E Section Name        Object

    0x20000000   0x00006d0c   0x00000018   Data   RW           88    .data               sound.o
    0x20000018   0x00006d24   0x00000012   Data   RW          140    .data               spaceinvaders.o
    0x2000002a   0x00006d36   0x00000002   PAD
    0x2000002c   0x00006d38   0x0000002c   Data   RW          265    .data               st7735.o
    0x20000058   0x00006d64   0x00000004   Data   RW          514    .data               texas.o
    0x2000005c   0x00006d68   0x00000002   Data   RW          632    .data               line.o


    Execution Region ER_ZI (Exec base: 0x20000060, Load base: 0x00006d6c, Size: 0x00000660, Max: 0xffffffff, ABSOLUTE)

    Exec Addr    Load Addr    Size         Type   Attr      Idx    E Section Name        Object

    0x20000060        -       0x0000010e   Zero   RW          631    .bss                line.o
    0x2000016e   0x00006d6c   0x00000002   PAD
    0x20000170        -       0x000000f0   Zero   RW          686    .bss                sprites.o
    0x20000260        -       0x00000060   Zero   RW          773    .bss                c_w.l(libspace.o)
    0x200002c0        -       0x00000000   Zero   RW            2    HEAP                startup.o
    0x200002c0        -       0x00000400   Zero   RW            1    STACK               startup.o


==============================================================================

Image component sizes


      Code (inc. data)   RO Data    RW Data    ZI Data      Debug   Object Name

       272         30          0          0          0       1198   adc.o
        12          6          0          0          0       4906   dac.o
         0          0      12682          0          0       1088   images.o
       100         12          0          0          0        244   lcd.o
      1222         22          0          2        270       3630   line.o
       124          4          0          0          0        443   pll.o
       100         24       5178         24          0       1624   sound.o
       810        178          0         18          0       5696   spaceinvaders.o
      1736         82          0          0        240       6060   sprites.o
      1568        154       2114         44          0      11259   st7735.o
       692        632          0          0       1024        972   startup.o
       896        158          0          4          0       5642   texas.o
        88         16          0          0          0        534   timer1.o

    ----------------------------------------------------------------------
      7630       1318      20006         96       1536      43296   Object Totals
         0          0         32          0          0          0   (incl. Generated)
        10          0          0          4          2          0   (incl. Padding)

    ----------------------------------------------------------------------

      Code (inc. data)   RO Data    RW Data    ZI Data      Debug   Library Member Name

         8          0          0          0          0         68   __main.o
         0          0          0          0          0          0   __rtentry.o
        12          0          0          0          0          0   __rtentry2.o
         6          0          0          0          0          0   __rtentry4.o
        52          8          0          0          0          0   __scatter.o
        26          0          0          0          0          0   __scatter_copy.o
        28          0          0          0          0          0   __scatter_zi.o
        18          0          0          0          0         80   exit.o
         6          0          0          0          0        152   heapauxi.o
         0          0          0          0          0          0   indicate_semi.o
         2          0          0          0          0          0   libinit.o
         2          0          0          0          0          0   libinit2.o
         2          0          0          0          0          0   libshutdown.o
         2          0          0          0          0          0   libshutdown2.o
         8          4          0          0         96         68   libspace.o
         2          0          0          0          0          0   rtexit.o
        10          0          0          0          0          0   rtexit2.o
        12          4          0          0          0         68   sys_exit.o
        74          0          0          0          0         80   sys_stackheap_outer.o
         2          0          0          0          0         68   use_no_semi.o

    ----------------------------------------------------------------------
       280         16          0          0         96        584   Library Totals
         8          0          0          0          0          0   (incl. Padding)

    ----------------------------------------------------------------------

      Code (inc. data)   RO Data    RW Data    ZI Data      Debug   Library Name

       272         16          0          0         96        584   c_w.l

    ----------------------------------------------------------------------
       280         16          0          0         96        584   Library Totals

    ----------------------------------------------------------------------

==============================================================================


      Code (inc. data)   RO Data    RW Data    ZI Data      Debug   

      7910       1334      20006         96       1632      41224   Grand Totals
      7910       1334      20006         96       1632      41224   ELF Image Totals
      7910       1334      20006         96          0          0   ROM Totals

==============================================================================

    Total RO  Size (Code + RO Data)                27916 (  27.26kB)
    Total RW  Size (RW Data + ZI Data)              1728 (   1.69kB)
    Total ROM Size (Code + RO Data + RW Data)      28012 (  27.36kB)

==============================================================================

